Archive member included to satisfy reference by file (symbol)

/home/jack/.config/Code - OSS/User/globalStorage/bmd.stm32-for-vscode/@xpack-dev-tools/arm-none-eabi-gcc/11.3.1-1.1.2/.content/bin/../lib/gcc/arm-none-eabi/11.3.1/../../../../arm-none-eabi/lib/thumb/v7e-m+fp/hard/libc_nano.a(libc_a-atexit.o)
                              /home/jack/.config/Code - OSS/User/globalStorage/bmd.stm32-for-vscode/@xpack-dev-tools/arm-none-eabi-gcc/11.3.1-1.1.2/.content/bin/../lib/gcc/arm-none-eabi/11.3.1/../../../../arm-none-eabi/lib/thumb/v7e-m+fp/hard/crt0.o (atexit)
/home/jack/.config/Code - OSS/User/globalStorage/bmd.stm32-for-vscode/@xpack-dev-tools/arm-none-eabi-gcc/11.3.1-1.1.2/.content/bin/../lib/gcc/arm-none-eabi/11.3.1/../../../../arm-none-eabi/lib/thumb/v7e-m+fp/hard/libc_nano.a(libc_a-exit.o)
                              /home/jack/.config/Code - OSS/User/globalStorage/bmd.stm32-for-vscode/@xpack-dev-tools/arm-none-eabi-gcc/11.3.1-1.1.2/.content/bin/../lib/gcc/arm-none-eabi/11.3.1/../../../../arm-none-eabi/lib/thumb/v7e-m+fp/hard/crt0.o (exit)
/home/jack/.config/Code - OSS/User/globalStorage/bmd.stm32-for-vscode/@xpack-dev-tools/arm-none-eabi-gcc/11.3.1-1.1.2/.content/bin/../lib/gcc/arm-none-eabi/11.3.1/../../../../arm-none-eabi/lib/thumb/v7e-m+fp/hard/libc_nano.a(libc_a-findfp.o)
                              /home/jack/.config/Code - OSS/User/globalStorage/bmd.stm32-for-vscode/@xpack-dev-tools/arm-none-eabi-gcc/11.3.1-1.1.2/.content/bin/../lib/gcc/arm-none-eabi/11.3.1/../../../../arm-none-eabi/lib/thumb/v7e-m+fp/hard/libc_nano.a(libc_a-exit.o) (__stdio_exit_handler)
/home/jack/.config/Code - OSS/User/globalStorage/bmd.stm32-for-vscode/@xpack-dev-tools/arm-none-eabi-gcc/11.3.1-1.1.2/.content/bin/../lib/gcc/arm-none-eabi/11.3.1/../../../../arm-none-eabi/lib/thumb/v7e-m+fp/hard/libc_nano.a(libc_a-fwalk.o)
                              /home/jack/.config/Code - OSS/User/globalStorage/bmd.stm32-for-vscode/@xpack-dev-tools/arm-none-eabi-gcc/11.3.1-1.1.2/.content/bin/../lib/gcc/arm-none-eabi/11.3.1/../../../../arm-none-eabi/lib/thumb/v7e-m+fp/hard/libc_nano.a(libc_a-findfp.o) (_fwalk_sglue)
/home/jack/.config/Code - OSS/User/globalStorage/bmd.stm32-for-vscode/@xpack-dev-tools/arm-none-eabi-gcc/11.3.1-1.1.2/.content/bin/../lib/gcc/arm-none-eabi/11.3.1/../../../../arm-none-eabi/lib/thumb/v7e-m+fp/hard/libc_nano.a(libc_a-stdio.o)
                              /home/jack/.config/Code - OSS/User/globalStorage/bmd.stm32-for-vscode/@xpack-dev-tools/arm-none-eabi-gcc/11.3.1-1.1.2/.content/bin/../lib/gcc/arm-none-eabi/11.3.1/../../../../arm-none-eabi/lib/thumb/v7e-m+fp/hard/libc_nano.a(libc_a-findfp.o) (__sread)
/home/jack/.config/Code - OSS/User/globalStorage/bmd.stm32-for-vscode/@xpack-dev-tools/arm-none-eabi-gcc/11.3.1-1.1.2/.content/bin/../lib/gcc/arm-none-eabi/11.3.1/../../../../arm-none-eabi/lib/thumb/v7e-m+fp/hard/libc_nano.a(libc_a-memset.o)
                              /home/jack/.config/Code - OSS/User/globalStorage/bmd.stm32-for-vscode/@xpack-dev-tools/arm-none-eabi-gcc/11.3.1-1.1.2/.content/bin/../lib/gcc/arm-none-eabi/11.3.1/../../../../arm-none-eabi/lib/thumb/v7e-m+fp/hard/crt0.o (memset)
/home/jack/.config/Code - OSS/User/globalStorage/bmd.stm32-for-vscode/@xpack-dev-tools/arm-none-eabi-gcc/11.3.1-1.1.2/.content/bin/../lib/gcc/arm-none-eabi/11.3.1/../../../../arm-none-eabi/lib/thumb/v7e-m+fp/hard/libc_nano.a(libc_a-closer.o)
                              /home/jack/.config/Code - OSS/User/globalStorage/bmd.stm32-for-vscode/@xpack-dev-tools/arm-none-eabi-gcc/11.3.1-1.1.2/.content/bin/../lib/gcc/arm-none-eabi/11.3.1/../../../../arm-none-eabi/lib/thumb/v7e-m+fp/hard/libc_nano.a(libc_a-stdio.o) (_close_r)
/home/jack/.config/Code - OSS/User/globalStorage/bmd.stm32-for-vscode/@xpack-dev-tools/arm-none-eabi-gcc/11.3.1-1.1.2/.content/bin/../lib/gcc/arm-none-eabi/11.3.1/../../../../arm-none-eabi/lib/thumb/v7e-m+fp/hard/libc_nano.a(libc_a-reent.o)
                              /home/jack/.config/Code - OSS/User/globalStorage/bmd.stm32-for-vscode/@xpack-dev-tools/arm-none-eabi-gcc/11.3.1-1.1.2/.content/bin/../lib/gcc/arm-none-eabi/11.3.1/../../../../arm-none-eabi/lib/thumb/v7e-m+fp/hard/libc_nano.a(libc_a-closer.o) (errno)
/home/jack/.config/Code - OSS/User/globalStorage/bmd.stm32-for-vscode/@xpack-dev-tools/arm-none-eabi-gcc/11.3.1-1.1.2/.content/bin/../lib/gcc/arm-none-eabi/11.3.1/../../../../arm-none-eabi/lib/thumb/v7e-m+fp/hard/libc_nano.a(libc_a-impure.o)
                              /home/jack/.config/Code - OSS/User/globalStorage/bmd.stm32-for-vscode/@xpack-dev-tools/arm-none-eabi-gcc/11.3.1-1.1.2/.content/bin/../lib/gcc/arm-none-eabi/11.3.1/../../../../arm-none-eabi/lib/thumb/v7e-m+fp/hard/libc_nano.a(libc_a-reent.o) (_impure_ptr)
/home/jack/.config/Code - OSS/User/globalStorage/bmd.stm32-for-vscode/@xpack-dev-tools/arm-none-eabi-gcc/11.3.1-1.1.2/.content/bin/../lib/gcc/arm-none-eabi/11.3.1/../../../../arm-none-eabi/lib/thumb/v7e-m+fp/hard/libc_nano.a(libc_a-lseekr.o)
[...]
Memory Configuration

Name             Origin             Length             Attributes
RAM              0x0000000020000000 0x0000000000010000 xrw
CCMRAM           0x0000000010000000 0x0000000000004000 xrw
FLASH            0x0000000008000000 0x0000000000080000 xr
*default*        0x0000000000000000 0xffffffffffffffff

Linker script and memory map

LOAD /home/jack/.config/Code - OSS/User/globalStorage/bmd.stm32-for-vscode/@xpack-dev-tools/arm-none-eabi-gcc/11.3.1-1.1.2/.content/bin/../lib/gcc/arm-none-eabi/11.3.1/thumb/v7e-m+fp/hard/crti.o
LOAD /home/jack/.config/Code - OSS/User/globalStorage/bmd.stm32-for-vscode/@xpack-dev-tools/arm-none-eabi-gcc/11.3.1-1.1.2/.content/bin/../lib/gcc/arm-none-eabi/11.3.1/thumb/v7e-m+fp/hard/crtbegin.o
LOAD /home/jack/.config/Code - OSS/User/globalStorage/bmd.stm32-for-vscode/@xpack-dev-tools/arm-none-eabi-gcc/11.3.1-1.1.2/.content/bin/../lib/gcc/arm-none-eabi/11.3.1/../../../../arm-none-eabi/lib/thumb/v7e-m+fp/hard/crt0.o
LOAD build/main.o
LOAD build/stm32f3xx_hal_msp.o
LOAD build/stm32f3xx_it.o
LOAD build/system_stm32f3xx.o
LOAD build/stm32f3xx_hal.o
LOAD build/stm32f3xx_hal_can.o
LOAD build/stm32f3xx_hal_cortex.o
LOAD build/stm32f3xx_hal_crc.o
LOAD build/stm32f3xx_hal_crc_ex.o
LOAD build/stm32f3xx_hal_dma.o
LOAD build/stm32f3xx_hal_exti.o
LOAD build/stm32f3xx_hal_flash.o
LOAD build/stm32f3xx_hal_flash_ex.o
LOAD build/stm32f3xx_hal_gpio.o
LOAD build/stm32f3xx_hal_i2c.o
LOAD build/stm32f3xx_hal_i2c_ex.o
LOAD build/stm32f3xx_hal_pwr.o
LOAD build/stm32f3xx_hal_pwr_ex.o
LOAD build/stm32f3xx_hal_rcc.o
LOAD build/stm32f3xx_hal_rcc_ex.o
LOAD build/stm32f3xx_hal_tim.o
LOAD build/stm32f3xx_hal_tim_ex.o
LOAD build/stm32f3xx_hal_uart.o
LOAD build/stm32f3xx_hal_uart_ex.o
LOAD build/startup_stm32f303xe.o
LOAD /home/jack/.config/Code - OSS/User/globalStorage/bmd.stm32-for-vscode/@xpack-dev-tools/arm-none-eabi-gcc/11.3.1-1.1.2/.content/bin/../lib/gcc/arm-none-eabi/11.3.1/../../../../arm-none-eabi/lib/thumb/v7e-m+fp/hard/libc_nano.a
LOAD /home/jack/.config/Code - OSS/User/globalStorage/bmd.stm32-for-vscode/@xpack-dev-tools/arm-none-eabi-gcc/11.3.1-1.1.2/.content/bin/../lib/gcc/arm-none-eabi/11.3.1/../../../../arm-none-eabi/lib/thumb/v7e-m+fp/hard/libm.a
LOAD /home/jack/.config/Code - OSS/User/globalStorage/bmd.stm32-for-vscode/@xpack-dev-tools/arm-none-eabi-gcc/11.3.1-1.1.2/.content/bin/../lib/gcc/arm-none-eabi/11.3.1/../../../../arm-none-eabi/lib/thumb/v7e-m+fp/hard/libnosys.a
START GROUP
LOAD /home/jack/.config/Code - OSS/User/globalStorage/bmd.stm32-for-vscode/@xpack-dev-tools/arm-none-eabi-gcc/11.3.1-1.1.2/.content/bin/../lib/gcc/arm-none-eabi/11.3.1/thumb/v7e-m+fp/hard/libgcc.a
LOAD /home/jack/.config/Code - OSS/User/globalStorage/bmd.stm32-for-vscode/@xpack-dev-tools/arm-none-eabi-gcc/11.3.1-1.1.2/.content/bin/../lib/gcc/arm-none-eabi/11.3.1/../../../../arm-none-eabi/lib/thumb/v7e-m+fp/hard/libc_nano.a
END GROUP
START GROUP
LOAD /home/jack/.config/Code - OSS/User/globalStorage/bmd.stm32-for-vscode/@xpack-dev-tools/arm-none-eabi-gcc/11.3.1-1.1.2/.content/bin/../lib/gcc/arm-none-eabi/11.3.1/thumb/v7e-m+fp/hard/libgcc.a
LOAD /home/jack/.config/Code - OSS/User/globalStorage/bmd.stm32-for-vscode/@xpack-dev-tools/arm-none-eabi-gcc/11.3.1-1.1.2/.content/bin/../lib/gcc/arm-none-eabi/11.3.1/../../../../arm-none-eabi/lib/thumb/v7e-m+fp/hard/libc_nano.a
END GROUP
LOAD /home/jack/.config/Code - OSS/User/globalStorage/bmd.stm32-for-vscode/@xpack-dev-tools/arm-none-eabi-gcc/11.3.1-1.1.2/.content/bin/../lib/gcc/arm-none-eabi/11.3.1/thumb/v7e-m+fp/hard/crtend.o
LOAD /home/jack/.config/Code - OSS/User/globalStorage/bmd.stm32-for-vscode/@xpack-dev-tools/arm-none-eabi-gcc/11.3.1-1.1.2/.content/bin/../lib/gcc/arm-none-eabi/11.3.1/thumb/v7e-m+fp/hard/crtn.o
                0x0000000020010000                _estack = (ORIGIN (RAM) + LENGTH (RAM))
                0x0000000000000200                _Min_Heap_Size = 0x200
                0x0000000000000400                _Min_Stack_Size = 0x400

.isr_vector     0x0000000008000000      0x194
                0x0000000008000000                . = ALIGN (0x4)
 *(.isr_vector)
 .isr_vector    0x0000000008000000      0x194 build/startup_stm32f303xe.o
                0x0000000008000000                g_pfnVectors
                0x0000000008000194                . = ALIGN (0x4)

.text           0x0000000008000194     0x1b00
                0x0000000008000194                . = ALIGN (0x4)
 *(.text)
 *(.text*)
 .text.__do_global_dtors_aux
                0x0000000008000194       0x24 /home/jack/.config/Code - OSS/User/globalStorage/bmd.stm32-for-vscode/@xpack-dev-tools/arm-none-eabi-gcc/11.3.1-1.1.2/.content/bin/../lib/gcc/arm-none-eabi/11.3.1/thumb/v7e-m+fp/hard/crtbegin.o
 .text.frame_dummy
                0x00000000080001b8       0x1c /home/jack/.config/Code - OSS/User/globalStorage/bmd.stm32-for-vscode/@xpack-dev-tools/arm-none-eabi-gcc/11.3.1-1.1.2/.content/bin/../lib/gcc/arm-none-eabi/11.3.1/thumb/v7e-m+fp/hard/crtbegin.o
 .text.MX_GPIO_Init
                0x00000000080001d4       0x64 build/main.o
 .text.Error_Handler
                0x0000000008000238        0x4 build/main.o
                0x0000000008000238                Error_Handler
 .text.MX_CAN_Init
                0x000000000800023c       0x3c build/main.o
 .text.MX_CRC_Init
                0x0000000008000278       0x2c build/main.o
 .text.MX_USART2_UART_Init
                0x00000000080002a4       0x38 build/main.o
 .text.SystemClock_Config
                0x00000000080002dc       0x80 build/main.o
                0x00000000080002dc                SystemClock_Config
 .text.main     0x000000000800035c       0x1c build/main.o
                0x000000000800035c                main
 .text.HAL_MspInit
                0x0000000008000378       0x30 build/stm32f3xx_hal_msp.o
                0x0000000008000378                HAL_MspInit
 .text.HAL_CAN_MspInit
                0x00000000080003a8       0x68 build/stm32f3xx_hal_msp.o
                0x00000000080003a8                HAL_CAN_MspInit
 .text.HAL_CRC_MspInit
                0x0000000008000410       0x2c build/stm32f3xx_hal_msp.o
                0x0000000008000410                HAL_CRC_MspInit
 .text.HAL_UART_MspInit
                0x000000000800043c       0x68 build/stm32f3xx_hal_msp.o
                0x000000000800043c                HAL_UART_MspInit
 .text.NMI_Handler
                0x00000000080004a4        0x2 build/stm32f3xx_it.o
                0x00000000080004a4                NMI_Handler
 .text.HardFault_Handler
                0x00000000080004a6        0x2 build/stm32f3xx_it.o
                0x00000000080004a6                HardFault_Handler
 .text.MemManage_Handler
                0x00000000080004a8        0x2 build/stm32f3xx_it.o
                0x00000000080004a8                MemManage_Handler
 .text.BusFault_Handler
                0x00000000080004aa        0x2 build/stm32f3xx_it.o
                0x00000000080004aa                BusFault_Handler
 .text.UsageFault_Handler
                0x00000000080004ac        0x2 build/stm32f3xx_it.o
                0x00000000080004ac                UsageFault_Handler
 .text.SVC_Handler
                0x00000000080004ae        0x2 build/stm32f3xx_it.o
                0x00000000080004ae                SVC_Handler
 .text.DebugMon_Handler
                0x00000000080004b0        0x2 build/stm32f3xx_it.o
                0x00000000080004b0                DebugMon_Handler
 .text.PendSV_Handler
                0x00000000080004b2        0x2 build/stm32f3xx_it.o
                0x00000000080004b2                PendSV_Handler
 .text.SysTick_Handler
                0x00000000080004b4        0x8 build/stm32f3xx_it.o
                0x00000000080004b4                SysTick_Handler
 .text.SystemInit
                0x00000000080004bc       0x14 build/system_stm32f3xx.o
                0x00000000080004bc                SystemInit
 .text.HAL_InitTick
                0x00000000080004d0       0x4c build/stm32f3xx_hal.o
                0x00000000080004d0                HAL_InitTick
 .text.HAL_Init
                0x000000000800051c       0x24 build/stm32f3xx_hal.o
                0x000000000800051c                HAL_Init
 .text.HAL_IncTick
                0x0000000008000540       0x18 build/stm32f3xx_hal.o
                0x0000000008000540                HAL_IncTick
 .text.HAL_GetTick
                0x0000000008000558        0xc build/stm32f3xx_hal.o
                0x0000000008000558                HAL_GetTick
 .text.HAL_CAN_TxMailbox0CompleteCallback
                0x0000000008000564        0x2 build/stm32f3xx_hal_can.o
                0x0000000008000564                HAL_CAN_TxMailbox0CompleteCallback
 .text.HAL_CAN_TxMailbox1CompleteCallback
                0x0000000008000566        0x2 build/stm32f3xx_hal_can.o
                0x0000000008000566                HAL_CAN_TxMailbox1CompleteCallback
 .text.HAL_CAN_TxMailbox2CompleteCallback
                0x0000000008000568        0x2 build/stm32f3xx_hal_can.o
                0x0000000008000568                HAL_CAN_TxMailbox2CompleteCallback
 .text.HAL_CAN_TxMailbox0AbortCallback
                0x000000000800056a        0x2 build/stm32f3xx_hal_can.o
                0x000000000800056a                HAL_CAN_TxMailbox0AbortCallback
 .text.HAL_CAN_TxMailbox1AbortCallback
                0x000000000800056c        0x2 build/stm32f3xx_hal_can.o
                0x000000000800056c                HAL_CAN_TxMailbox1AbortCallback
 .text.HAL_CAN_TxMailbox2AbortCallback
                0x000000000800056e        0x2 build/stm32f3xx_hal_can.o
                0x000000000800056e                HAL_CAN_TxMailbox2AbortCallback
 .text.HAL_CAN_RxFifo0MsgPendingCallback
                0x0000000008000570        0x2 build/stm32f3xx_hal_can.o
                0x0000000008000570                HAL_CAN_RxFifo0MsgPendingCallback
 .text.HAL_CAN_RxFifo0FullCallback
                0x0000000008000572        0x2 build/stm32f3xx_hal_can.o
                0x0000000008000572                HAL_CAN_RxFifo0FullCallback
 .text.HAL_CAN_RxFifo1MsgPendingCallback
                0x0000000008000574        0x2 build/stm32f3xx_hal_can.o
                0x0000000008000574                HAL_CAN_RxFifo1MsgPendingCallback
 .text.HAL_CAN_RxFifo1FullCallback
                0x0000000008000576        0x2 build/stm32f3xx_hal_can.o
                0x0000000008000576                HAL_CAN_RxFifo1FullCallback
 .text.HAL_CAN_SleepCallback
                0x0000000008000578        0x2 build/stm32f3xx_hal_can.o
                0x0000000008000578                HAL_CAN_SleepCallback
 .text.HAL_CAN_WakeUpFromRxMsgCallback
                0x000000000800057a        0x2 build/stm32f3xx_hal_can.o
                0x000000000800057a                HAL_CAN_WakeUpFromRxMsgCallback
 .text.HAL_CAN_ErrorCallback
                0x000000000800057c        0x2 build/stm32f3xx_hal_can.o
                0x000000000800057c                HAL_CAN_ErrorCallback
 *fill*         0x000000000800057e        0x2 
 .text.HAL_CAN_Init
                0x0000000008000580      0x1c4 build/stm32f3xx_hal_can.o
                0x0000000008000580                HAL_CAN_Init
 .text.HAL_NVIC_SetPriorityGrouping
                0x0000000008000744       0x24 build/stm32f3xx_hal_cortex.o
                0x0000000008000744                HAL_NVIC_SetPriorityGrouping
 .text.HAL_NVIC_SetPriority
                0x0000000008000768       0x70 build/stm32f3xx_hal_cortex.o
                0x0000000008000768                HAL_NVIC_SetPriority
 .text.HAL_SYSTICK_Config
                0x00000000080007d8       0x28 build/stm32f3xx_hal_cortex.o
                0x00000000080007d8                HAL_SYSTICK_Config
 .text.HAL_CRC_Init
                0x0000000008000800       0x80 build/stm32f3xx_hal_crc.o
                0x0000000008000800                HAL_CRC_Init
 .text.HAL_CRCEx_Polynomial_Set
                0x0000000008000880       0x78 build/stm32f3xx_hal_crc_ex.o
                0x0000000008000880                HAL_CRCEx_Polynomial_Set
 .text.HAL_GPIO_Init
                0x00000000080008f8      0x1e0 build/stm32f3xx_hal_gpio.o
                0x00000000080008f8                HAL_GPIO_Init
 .text.HAL_GPIO_WritePin
                0x0000000008000ad8        0xa build/stm32f3xx_hal_gpio.o
                0x0000000008000ad8                HAL_GPIO_WritePin
 *fill*         0x0000000008000ae2        0x2 
 .text.HAL_RCC_OscConfig
                0x0000000008000ae4      0x644 build/stm32f3xx_hal_rcc.o
                0x0000000008000ae4                HAL_RCC_OscConfig
 .text.HAL_RCC_GetSysClockFreq
                0x0000000008001128       0x70 build/stm32f3xx_hal_rcc.o
                0x0000000008001128                HAL_RCC_GetSysClockFreq
 .text.HAL_RCC_ClockConfig
                0x0000000008001198      0x1a8 build/stm32f3xx_hal_rcc.o
                0x0000000008001198                HAL_RCC_ClockConfig
 .text.HAL_RCC_GetHCLKFreq
                0x0000000008001340        0xc build/stm32f3xx_hal_rcc.o
                0x0000000008001340                HAL_RCC_GetHCLKFreq
 .text.HAL_RCC_GetPCLK1Freq
                0x000000000800134c       0x2c build/stm32f3xx_hal_rcc.o
                0x000000000800134c                HAL_RCC_GetPCLK1Freq
 .text.HAL_RCC_GetPCLK2Freq
                0x0000000008001378       0x2c build/stm32f3xx_hal_rcc.o
                0x0000000008001378                HAL_RCC_GetPCLK2Freq
 .text.HAL_RCCEx_PeriphCLKConfig
                0x00000000080013a4      0x300 build/stm32f3xx_hal_rcc_ex.o
                0x00000000080013a4                HAL_RCCEx_PeriphCLKConfig
 .text.UART_EndRxTransfer
                0x00000000080016a4       0x52 build/stm32f3xx_hal_uart.o
 *fill*         0x00000000080016f6        0x2 
 .text.UART_SetConfig
                0x00000000080016f8      0x250 build/stm32f3xx_hal_uart.o
                0x00000000080016f8                UART_SetConfig
 .text.UART_AdvFeatureConfig
                0x0000000008001948       0xca build/stm32f3xx_hal_uart.o
                0x0000000008001948                UART_AdvFeatureConfig
 .text.UART_WaitOnFlagUntilTimeout
                0x0000000008001a12       0x96 build/stm32f3xx_hal_uart.o
                0x0000000008001a12                UART_WaitOnFlagUntilTimeout
 .text.UART_CheckIdleState
                0x0000000008001aa8       0xc6 build/stm32f3xx_hal_uart.o
                0x0000000008001aa8                UART_CheckIdleState
 .text.HAL_UART_Init
                0x0000000008001b6e       0x62 build/stm32f3xx_hal_uart.o
                0x0000000008001b6e                HAL_UART_Init
 .text.Reset_Handler
                0x0000000008001bd0       0x50 build/startup_stm32f303xe.o
                0x0000000008001bd0                Reset_Handler
 .text.Default_Handler
                0x0000000008001c20        0x2 build/startup_stm32f303xe.o
                0x0000000008001c20                RTC_Alarm_IRQHandler
                0x0000000008001c20                TIM8_TRG_COM_IRQHandler
                0x0000000008001c20                TIM8_CC_IRQHandler
                0x0000000008001c20                SPI4_IRQHandler
                0x0000000008001c20                TIM1_CC_IRQHandler
                0x0000000008001c20                USB_HP_IRQHandler
                0x0000000008001c20                PVD_IRQHandler
                0x0000000008001c20                TAMP_STAMP_IRQHandler
                0x0000000008001c20                EXTI3_IRQHandler
                0x0000000008001c20                I2C3_ER_IRQHandler
                0x0000000008001c20                USB_HP_CAN_TX_IRQHandler
                0x0000000008001c20                EXTI0_IRQHandler
                0x0000000008001c20                I2C2_EV_IRQHandler
                0x0000000008001c20                FPU_IRQHandler
                0x0000000008001c20                TIM1_UP_TIM16_IRQHandler
                0x0000000008001c20                ADC1_2_IRQHandler
                0x0000000008001c20                SPI1_IRQHandler
                0x0000000008001c20                CAN_SCE_IRQHandler
                0x0000000008001c20                TIM6_DAC_IRQHandler
                0x0000000008001c20                TIM8_UP_IRQHandler
                0x0000000008001c20                DMA2_Channel2_IRQHandler
                0x0000000008001c20                DMA1_Channel4_IRQHandler
                0x0000000008001c20                TIM20_TRG_COM_IRQHandler
                0x0000000008001c20                USART3_IRQHandler
                0x0000000008001c20                DMA1_Channel7_IRQHandler
                0x0000000008001c20                UART5_IRQHandler
                0x0000000008001c20                ADC3_IRQHandler
                0x0000000008001c20                TIM4_IRQHandler
                0x0000000008001c20                CAN_RX1_IRQHandler
                0x0000000008001c20                DMA2_Channel1_IRQHandler
                0x0000000008001c20                I2C1_EV_IRQHandler
                0x0000000008001c20                DMA1_Channel6_IRQHandler
                0x0000000008001c20                UART4_IRQHandler
                0x0000000008001c20                DMA2_Channel4_IRQHandler
                0x0000000008001c20                TIM3_IRQHandler
                0x0000000008001c20                RCC_IRQHandler
                0x0000000008001c20                TIM20_UP_IRQHandler
                0x0000000008001c20                DMA1_Channel1_IRQHandler
                0x0000000008001c20                Default_Handler
                0x0000000008001c20                USBWakeUp_RMP_IRQHandler
                0x0000000008001c20                EXTI15_10_IRQHandler
                0x0000000008001c20                TIM7_IRQHandler
                0x0000000008001c20                I2C3_EV_IRQHandler
                0x0000000008001c20                EXTI9_5_IRQHandler
                0x0000000008001c20                RTC_WKUP_IRQHandler
                0x0000000008001c20                SPI2_IRQHandler
                0x0000000008001c20                USB_LP_CAN_RX0_IRQHandler
                0x0000000008001c20                DMA2_Channel5_IRQHandler
                0x0000000008001c20                DMA1_Channel5_IRQHandler
                0x0000000008001c20                USB_LP_IRQHandler
                0x0000000008001c20                EXTI4_IRQHandler
                0x0000000008001c20                TIM1_TRG_COM_TIM17_IRQHandler
                0x0000000008001c20                DMA1_Channel3_IRQHandler
                0x0000000008001c20                ADC4_IRQHandler
                0x0000000008001c20                WWDG_IRQHandler
                0x0000000008001c20                TIM2_IRQHandler
                0x0000000008001c20                COMP7_IRQHandler
                0x0000000008001c20                COMP1_2_3_IRQHandler
                0x0000000008001c20                EXTI1_IRQHandler
                0x0000000008001c20                USART2_IRQHandler
                0x0000000008001c20                COMP4_5_6_IRQHandler
                0x0000000008001c20                TIM20_BRK_IRQHandler
                0x0000000008001c20                I2C2_ER_IRQHandler
                0x0000000008001c20                DMA1_Channel2_IRQHandler
                0x0000000008001c20                TIM8_BRK_IRQHandler
                0x0000000008001c20                FLASH_IRQHandler
                0x0000000008001c20                TIM20_CC_IRQHandler
                0x0000000008001c20                USART1_IRQHandler
                0x0000000008001c20                SPI3_IRQHandler
                0x0000000008001c20                I2C1_ER_IRQHandler
                0x0000000008001c20                FMC_IRQHandler
                0x0000000008001c20                USBWakeUp_IRQHandler
                0x0000000008001c20                DMA2_Channel3_IRQHandler
                0x0000000008001c20                EXTI2_TSC_IRQHandler
                0x0000000008001c20                TIM1_BRK_TIM15_IRQHandler
 .text.memset   0x0000000008001c22       0x10 /home/jack/.config/Code - OSS/User/globalStorage/bmd.stm32-for-vscode/@xpack-dev-tools/arm-none-eabi-gcc/11.3.1-1.1.2/.content/bin/../lib/gcc/arm-none-eabi/11.3.1/../../../../arm-none-eabi/lib/thumb/v7e-m+fp/hard/libc_nano.a(libc_a-memset.o)
                0x0000000008001c22                memset
 *fill*         0x0000000008001c32        0x2 
 .text.__libc_init_array
                0x0000000008001c34       0x48 /home/jack/.config/Code - OSS/User/globalStorage/bmd.stm32-for-vscode/@xpack-dev-tools/arm-none-eabi-gcc/11.3.1-1.1.2/.content/bin/../lib/gcc/arm-none-eabi/11.3.1/../../../../arm-none-eabi/lib/thumb/v7e-m+fp/hard/libc_nano.a(libc_a-init.o)
                0x0000000008001c34                __libc_init_array
 *(.glue_7)
 .glue_7        0x0000000008001c7c        0x0 linker stubs
 *(.glue_7t)
 .glue_7t       0x0000000008001c7c        0x0 linker stubs
 *(.eh_frame)
 .eh_frame      0x0000000008001c7c        0x0 /home/jack/.config/Code - OSS/User/globalStorage/bmd.stm32-for-vscode/@xpack-dev-tools/arm-none-eabi-gcc/11.3.1-1.1.2/.content/bin/../lib/gcc/arm-none-eabi/11.3.1/thumb/v7e-m+fp/hard/crtbegin.o
 *(.init)
 .init          0x0000000008001c7c        0x4 /home/jack/.config/Code - OSS/User/globalStorage/bmd.stm32-for-vscode/@xpack-dev-tools/arm-none-eabi-gcc/11.3.1-1.1.2/.content/bin/../lib/gcc/arm-none-eabi/11.3.1/thumb/v7e-m+fp/hard/crti.o
                0x0000000008001c7c                _init
 .init          0x0000000008001c80        0x8 /home/jack/.config/Code - OSS/User/globalStorage/bmd.stm32-for-vscode/@xpack-dev-tools/arm-none-eabi-gcc/11.3.1-1.1.2/.content/bin/../lib/gcc/arm-none-eabi/11.3.1/thumb/v7e-m+fp/hard/crtn.o
 *(.fini)
 .fini          0x0000000008001c88        0x4 /home/jack/.config/Code - OSS/User/globalStorage/bmd.stm32-for-vscode/@xpack-dev-tools/arm-none-eabi-gcc/11.3.1-1.1.2/.content/bin/../lib/gcc/arm-none-eabi/11.3.1/thumb/v7e-m+fp/hard/crti.o
                0x0000000008001c88                _fini
 .fini          0x0000000008001c8c        0x8 /home/jack/.config/Code - OSS/User/globalStorage/bmd.stm32-for-vscode/@xpack-dev-tools/arm-none-eabi-gcc/11.3.1-1.1.2/.content/bin/../lib/gcc/arm-none-eabi/11.3.1/thumb/v7e-m+fp/hard/crtn.o
                0x0000000008001c94                . = ALIGN (0x4)
                0x0000000008001c94                _etext = .

.vfp11_veneer   0x0000000008001c94        0x0
 .vfp11_veneer  0x0000000008001c94        0x0 linker stubs

.v4_bx          0x0000000008001c94        0x0
 .v4_bx         0x0000000008001c94        0x0 linker stubs

.iplt           0x0000000008001c94        0x0
 .iplt          0x0000000008001c94        0x0 /home/jack/.config/Code - OSS/User/globalStorage/bmd.stm32-for-vscode/@xpack-dev-tools/arm-none-eabi-gcc/11.3.1-1.1.2/.content/bin/../lib/gcc/arm-none-eabi/11.3.1/thumb/v7e-m+fp/hard/crtbegin.o

.rodata         0x0000000008001c94       0x38
                0x0000000008001c94                . = ALIGN (0x4)
 *(.rodata)
 *(.rodata*)
 .rodata.AHBPrescTable
                0x0000000008001c94       0x10 build/system_stm32f3xx.o
                0x0000000008001c94                AHBPrescTable
 .rodata.APBPrescTable
                0x0000000008001ca4        0x8 build/system_stm32f3xx.o
                0x0000000008001ca4                APBPrescTable
 .rodata.aPLLMULFactorTable
                0x0000000008001cac       0x10 build/stm32f3xx_hal_rcc.o
 .rodata.aPredivFactorTable
                0x0000000008001cbc       0x10 build/stm32f3xx_hal_rcc.o
                0x0000000008001ccc                . = ALIGN (0x4)

.rel.dyn        0x0000000008001ccc        0x0
 .rel.iplt      0x0000000008001ccc        0x0 /home/jack/.config/Code - OSS/User/globalStorage/bmd.stm32-for-vscode/@xpack-dev-tools/arm-none-eabi-gcc/11.3.1-1.1.2/.content/bin/../lib/gcc/arm-none-eabi/11.3.1/thumb/v7e-m+fp/hard/crtbegin.o

.ARM.extab
 *(.ARM.extab* .gnu.linkonce.armextab.*)

.ARM            0x0000000008001ccc        0x0
                0x0000000008001ccc                __exidx_start = .
 *(.ARM.exidx*)
                0x0000000008001ccc                __exidx_end = .

.preinit_array  0x0000000008001ccc        0x0
                0x0000000008001ccc                PROVIDE (__preinit_array_start = .)
 *(.preinit_array*)
                0x0000000008001ccc                PROVIDE (__preinit_array_end = .)

.init_array     0x0000000008001ccc        0x4
                0x0000000008001ccc                PROVIDE (__init_array_start = .)
 *(SORT_BY_NAME(.init_array.*))
 *(.init_array*)
 .init_array    0x0000000008001ccc        0x4 /home/jack/.config/Code - OSS/User/globalStorage/bmd.stm32-for-vscode/@xpack-dev-tools/arm-none-eabi-gcc/11.3.1-1.1.2/.content/bin/../lib/gcc/arm-none-eabi/11.3.1/thumb/v7e-m+fp/hard/crtbegin.o
                0x0000000008001cd0                PROVIDE (__init_array_end = .)

.fini_array     0x0000000008001cd0        0x4
                0x0000000008001cd0                PROVIDE (__fini_array_start = .)
 *(SORT_BY_NAME(.fini_array.*))
 *(.fini_array*)
 .fini_array    0x0000000008001cd0        0x4 /home/jack/.config/Code - OSS/User/globalStorage/bmd.stm32-for-vscode/@xpack-dev-tools/arm-none-eabi-gcc/11.3.1-1.1.2/.content/bin/../lib/gcc/arm-none-eabi/11.3.1/thumb/v7e-m+fp/hard/crtbegin.o
                0x0000000008001cd4                PROVIDE (__fini_array_end = .)
                0x0000000008001cd4                _sidata = LOADADDR (.data)

.data           0x0000000020000000        0xc load address 0x0000000008001cd4
                0x0000000020000000                . = ALIGN (0x4)
                0x0000000020000000                _sdata = .
 *(.data)
 *(.data*)
 .data.SystemCoreClock
                0x0000000020000000        0x4 build/system_stm32f3xx.o
                0x0000000020000000                SystemCoreClock
 .data.uwTickFreq
                0x0000000020000004        0x1 build/stm32f3xx_hal.o
                0x0000000020000004                uwTickFreq
 *fill*         0x0000000020000005        0x3 
 .data.uwTickPrio
                0x0000000020000008        0x4 build/stm32f3xx_hal.o
                0x0000000020000008                uwTickPrio
                0x000000002000000c                . = ALIGN (0x4)
                0x000000002000000c                _edata = .
                0x0000000008001ce0                _siccmram = LOADADDR (.ccmram)

.igot.plt       0x000000002000000c        0x0 load address 0x0000000008001ce0
 .igot.plt      0x000000002000000c        0x0 /home/jack/.config/Code - OSS/User/globalStorage/bmd.stm32-for-vscode/@xpack-dev-tools/arm-none-eabi-gcc/11.3.1-1.1.2/.content/bin/../lib/gcc/arm-none-eabi/11.3.1/thumb/v7e-m+fp/hard/crtbegin.o

.ccmram         0x0000000010000000        0x0 load address 0x0000000008001ce0
                0x0000000010000000                . = ALIGN (0x4)
                0x0000000010000000                _sccmram = .
 *(.ccmram)
 *(.ccmram*)
                0x0000000010000000                . = ALIGN (0x4)
                0x0000000010000000                _eccmram = .
                0x0000000010000000                . = ALIGN (0x4)

.bss            0x000000002000000c      0x130
                0x000000002000000c                _sbss = .
                0x000000002000000c                __bss_start__ = _sbss
 *(.bss)
 *(.bss*)
 .bss.completed.1
                0x000000002000000c        0x1 /home/jack/.config/Code - OSS/User/globalStorage/bmd.stm32-for-vscode/@xpack-dev-tools/arm-none-eabi-gcc/11.3.1-1.1.2/.content/bin/../lib/gcc/arm-none-eabi/11.3.1/thumb/v7e-m+fp/hard/crtbegin.o
 *fill*         0x000000002000000d        0x3 
 .bss.object.0  0x0000000020000010       0x18 /home/jack/.config/Code - OSS/User/globalStorage/bmd.stm32-for-vscode/@xpack-dev-tools/arm-none-eabi-gcc/11.3.1-1.1.2/.content/bin/../lib/gcc/arm-none-eabi/11.3.1/thumb/v7e-m+fp/hard/crtbegin.o
 .bss.hcan      0x0000000020000028       0x64 build/main.o
                0x0000000020000028                hcan
 .bss.hcrc      0x000000002000008c       0x24 build/main.o
                0x000000002000008c                hcrc
 .bss.huart2    0x00000000200000b0       0x88 build/main.o
                0x00000000200000b0                huart2
 .bss.uwTick    0x0000000020000138        0x4 build/stm32f3xx_hal.o
                0x0000000020000138                uwTick
 *(COMMON)
                0x000000002000013c                . = ALIGN (0x4)
                0x000000002000013c                _ebss = .
                0x000000002000013c                __bss_end__ = _ebss

._user_heap_stack
                0x000000002000013c      0x604
                0x0000000020000140                . = ALIGN (0x8)
 *fill*         0x000000002000013c        0x4 
                0x0000000020000140                PROVIDE (end = .)
                [!provide]                        PROVIDE (_end = .)
                0x0000000020000340                . = (. + _Min_Heap_Size)
 *fill*         0x0000000020000140      0x200 
                0x0000000020000740                . = (. + _Min_Stack_Size)
 *fill*         0x0000000020000340      0x400 
                0x0000000020000740                . = ALIGN (0x8)

/DISCARD/
 libc.a(*)
 libm.a(*)
 libgcc.a(*)

.ARM.attributes
                0x0000000000000000       0x30
 *(.ARM.attributes)
 .ARM.attributes
                0x0000000000000000       0x1e /home/jack/.config/Code - OSS/User/globalStorage/bmd.stm32-for-vscode/@xpack-dev-tools/arm-none-eabi-gcc/11.3.1-1.1.2/.content/bin/../lib/gcc/arm-none-eabi/11.3.1/thumb/v7e-m+fp/hard/crti.o
 .ARM.attributes
                0x000000000000001e       0x34 /home/jack/.config/Code - OSS/User/globalStorage/bmd.stm32-for-vscode/@xpack-dev-tools/arm-none-eabi-gcc/11.3.1-1.1.2/.content/bin/../lib/gcc/arm-none-eabi/11.3.1/thumb/v7e-m+fp/hard/crtbegin.o
 .ARM.attributes
                0x0000000000000052       0x34 build/main.o
 .ARM.attributes
                0x0000000000000086       0x34 build/stm32f3xx_hal_msp.o
 .ARM.attributes
                0x00000000000000ba       0x34 build/stm32f3xx_it.o
 .ARM.attributes
                0x00000000000000ee       0x34 build/system_stm32f3xx.o
 .ARM.attributes
                0x0000000000000122       0x34 build/stm32f3xx_hal.o
 .ARM.attributes
                0x0000000000000156       0x34 build/stm32f3xx_hal_can.o
 .ARM.attributes
                0x000000000000018a       0x34 build/stm32f3xx_hal_cortex.o
 .ARM.attributes
                0x00000000000001be       0x34 build/stm32f3xx_hal_crc.o
 .ARM.attributes
                0x00000000000001f2       0x34 build/stm32f3xx_hal_crc_ex.o
 .ARM.attributes
                0x0000000000000226       0x34 build/stm32f3xx_hal_gpio.o
 .ARM.attributes
                0x000000000000025a       0x34 build/stm32f3xx_hal_rcc.o
 .ARM.attributes
                0x000000000000028e       0x34 build/stm32f3xx_hal_rcc_ex.o
 .ARM.attributes
                0x00000000000002c2       0x34 build/stm32f3xx_hal_uart.o
 .ARM.attributes
                0x00000000000002f6       0x21 build/startup_stm32f303xe.o
 .ARM.attributes
                0x0000000000000317       0x34 /home/jack/.config/Code - OSS/User/globalStorage/bmd.stm32-for-vscode/@xpack-dev-tools/arm-none-eabi-gcc/11.3.1-1.1.2/.content/bin/../lib/gcc/arm-none-eabi/11.3.1/../../../../arm-none-eabi/lib/thumb/v7e-m+fp/hard/libc_nano.a(libc_a-memset.o)
 .ARM.attributes
                0x000000000000034b       0x34 /home/jack/.config/Code - OSS/User/globalStorage/bmd.stm32-for-vscode/@xpack-dev-tools/arm-none-eabi-gcc/11.3.1-1.1.2/.content/bin/../lib/gcc/arm-none-eabi/11.3.1/../../../../arm-none-eabi/lib/thumb/v7e-m+fp/hard/libc_nano.a(libc_a-init.o)
 .ARM.attributes
                0x000000000000037f       0x1e /home/jack/.config/Code - OSS/User/globalStorage/bmd.stm32-for-vscode/@xpack-dev-tools/arm-none-eabi-gcc/11.3.1-1.1.2/.content/bin/../lib/gcc/arm-none-eabi/11.3.1/thumb/v7e-m+fp/hard/crtn.o
OUTPUT(build/canlink-transmitter-firmware.elf elf32-littlearm)
LOAD linker stubs
LOAD /home/jack/.config/Code - OSS/User/globalStorage/bmd.stm32-for-vscode/@xpack-dev-tools/arm-none-eabi-gcc/11.3.1-1.1.2/.content/bin/../lib/gcc/arm-none-eabi/11.3.1/../../../../arm-none-eabi/lib/thumb/v7e-m+fp/hard/libc.a
LOAD /home/jack/.config/Code - OSS/User/globalStorage/bmd.stm32-for-vscode/@xpack-dev-tools/arm-none-eabi-gcc/11.3.1-1.1.2/.content/bin/../lib/gcc/arm-none-eabi/11.3.1/../../../../arm-none-eabi/lib/thumb/v7e-m+fp/hard/libm.a
LOAD /home/jack/.config/Code - OSS/User/globalStorage/bmd.stm32-for-vscode/@xpack-dev-tools/arm-none-eabi-gcc/11.3.1-1.1.2/.content/bin/../lib/gcc/arm-none-eabi/11.3.1/thumb/v7e-m+fp/hard/libgcc.a

.comment        0x0000000000000000       0x39
 .comment       0x0000000000000000       0x39 /home/jack/.config/Code - OSS/User/globalStorage/bmd.stm32-for-vscode/@xpack-dev-tools/arm-none-eabi-gcc/11.3.1-1.1.2/.content/bin/../lib/gcc/arm-none-eabi/11.3.1/thumb/v7e-m+fp/hard/crtbegin.o
                                         0x3a (size before relaxing)
 .comment       0x0000000000000039       0x3a build/main.o
 .comment       0x0000000000000039       0x3a build/stm32f3xx_hal_msp.o
 .comment       0x0000000000000039       0x3a build/stm32f3xx_it.o
 .comment       0x0000000000000039       0x3a build/system_stm32f3xx.o
 .comment       0x0000000000000039       0x3a build/stm32f3xx_hal.o
 .comment       0x0000000000000039       0x3a build/stm32f3xx_hal_can.o
 .comment       0x0000000000000039       0x3a build/stm32f3xx_hal_cortex.o
 .comment       0x0000000000000039       0x3a build/stm32f3xx_hal_crc.o
 .comment       0x0000000000000039       0x3a build/stm32f3xx_hal_crc_ex.o
 .comment       0x0000000000000039       0x3a build/stm32f3xx_hal_gpio.o
 .comment       0x0000000000000039       0x3a build/stm32f3xx_hal_rcc.o
 .comment       0x0000000000000039       0x3a build/stm32f3xx_hal_rcc_ex.o
 .comment       0x0000000000000039       0x3a build/stm32f3xx_hal_uart.o
 .comment       0x0000000000000039       0x3a /home/jack/.config/Code - OSS/User/globalStorage/bmd.stm32-for-vscode/@xpack-dev-tools/arm-none-eabi-gcc/11.3.1-1.1.2/.content/bin/../lib/gcc/arm-none-eabi/11.3.1/../../../../arm-none-eabi/lib/thumb/v7e-m+fp/hard/libc_nano.a(libc_a-memset.o)
 .comment       0x0000000000000039       0x3a /home/jack/.config/Code - OSS/User/globalStorage/bmd.stm32-for-vscode/@xpack-dev-tools/arm-none-eabi-gcc/11.3.1-1.1.2/.content/bin/../lib/gcc/arm-none-eabi/11.3.1/../../../../arm-none-eabi/lib/thumb/v7e-m+fp/hard/libc_nano.a(libc_a-init.o)

.debug_info     0x0000000000000000     0xd2fe
 .debug_info    0x0000000000000000     0x14d0 build/main.o
 .debug_info    0x00000000000014d0     0x1070 build/stm32f3xx_hal_msp.o
 .debug_info    0x0000000000002540      0x11d build/stm32f3xx_it.o
 .debug_info    0x000000000000265d      0x417 build/system_stm32f3xx.o
 .debug_info    0x0000000000002a74      0x8a2 build/stm32f3xx_hal.o
 .debug_info    0x0000000000003316     0x13b9 build/stm32f3xx_hal_can.o
 .debug_info    0x00000000000046cf      0xf1f build/stm32f3xx_hal_cortex.o
 .debug_info    0x00000000000055ee      0x5fe build/stm32f3xx_hal_crc.o
 .debug_info    0x0000000000005bec      0x372 build/stm32f3xx_hal_crc_ex.o
 .debug_info    0x0000000000005f5e      0x6d8 build/stm32f3xx_hal_gpio.o
 .debug_info    0x0000000000006636     0x15ca build/stm32f3xx_hal_rcc.o
 .debug_info    0x0000000000007c00      0x819 build/stm32f3xx_hal_rcc_ex.o
 .debug_info    0x0000000000008419     0x4ec2 build/stm32f3xx_hal_uart.o
 .debug_info    0x000000000000d2db       0x23 build/startup_stm32f303xe.o

.debug_abbrev   0x0000000000000000     0x1cd1
 .debug_abbrev  0x0000000000000000      0x2bd build/main.o
 .debug_abbrev  0x00000000000002bd      0x200 build/stm32f3xx_hal_msp.o
 .debug_abbrev  0x00000000000004bd       0x7c build/stm32f3xx_it.o
 .debug_abbrev  0x0000000000000539      0x11e build/system_stm32f3xx.o
 .debug_abbrev  0x0000000000000657      0x241 build/stm32f3xx_hal.o
 .debug_abbrev  0x0000000000000898      0x28b build/stm32f3xx_hal_can.o
 .debug_abbrev  0x0000000000000b23      0x378 build/stm32f3xx_hal_cortex.o
 .debug_abbrev  0x0000000000000e9b      0x21c build/stm32f3xx_hal_crc.o
 .debug_abbrev  0x00000000000010b7      0x16d build/stm32f3xx_hal_crc_ex.o
 .debug_abbrev  0x0000000000001224      0x1f8 build/stm32f3xx_hal_gpio.o
 .debug_abbrev  0x000000000000141c      0x31e build/stm32f3xx_hal_rcc.o
 .debug_abbrev  0x000000000000173a      0x280 build/stm32f3xx_hal_rcc_ex.o
 .debug_abbrev  0x00000000000019ba      0x305 build/stm32f3xx_hal_uart.o
 .debug_abbrev  0x0000000000001cbf       0x12 build/startup_stm32f303xe.o

.debug_aranges  0x0000000000000000      0x7f0
 .debug_aranges
                0x0000000000000000       0x50 build/main.o
 .debug_aranges
                0x0000000000000050       0x50 build/stm32f3xx_hal_msp.o
 .debug_aranges
                0x00000000000000a0       0x60 build/stm32f3xx_it.o
 .debug_aranges
                0x0000000000000100       0x28 build/system_stm32f3xx.o
 .debug_aranges
                0x0000000000000128       0xe0 build/stm32f3xx_hal.o
 .debug_aranges
                0x0000000000000208      0x148 build/stm32f3xx_hal_can.o
 .debug_aranges
                0x0000000000000350       0xa8 build/stm32f3xx_hal_cortex.o
 .debug_aranges
                0x00000000000003f8       0x60 build/stm32f3xx_hal_crc.o
 .debug_aranges
                0x0000000000000458       0x30 build/stm32f3xx_hal_crc_ex.o
 .debug_aranges
                0x0000000000000488       0x58 build/stm32f3xx_hal_gpio.o
 .debug_aranges
                0x00000000000004e0       0x88 build/stm32f3xx_hal_rcc.o
 .debug_aranges
                0x0000000000000568       0x38 build/stm32f3xx_hal_rcc_ex.o
 .debug_aranges
                0x00000000000005a0      0x228 build/stm32f3xx_hal_uart.o
 .debug_aranges
                0x00000000000007c8       0x28 build/startup_stm32f303xe.o

.debug_rnglists
                0x0000000000000000      0x628
 .debug_rnglists
                0x0000000000000000       0x38 build/main.o
 .debug_rnglists
                0x0000000000000038       0x37 build/stm32f3xx_hal_msp.o
 .debug_rnglists
                0x000000000000006f       0x43 build/stm32f3xx_it.o
 .debug_rnglists
                0x00000000000000b2       0x1a build/system_stm32f3xx.o
 .debug_rnglists
                0x00000000000000cc       0xa3 build/stm32f3xx_hal.o
 .debug_rnglists
                0x000000000000016f       0xf8 build/stm32f3xx_hal_can.o
 .debug_rnglists
                0x0000000000000267       0xa9 build/stm32f3xx_hal_cortex.o
 .debug_rnglists
                0x0000000000000310       0x45 build/stm32f3xx_hal_crc.o
 .debug_rnglists
                0x0000000000000355       0x1f build/stm32f3xx_hal_crc_ex.o
 .debug_rnglists
                0x0000000000000374       0x3f build/stm32f3xx_hal_gpio.o
 .debug_rnglists
                0x00000000000003b3       0x79 build/stm32f3xx_hal_rcc.o
 .debug_rnglists
                0x000000000000042c       0x28 build/stm32f3xx_hal_rcc_ex.o
 .debug_rnglists
                0x0000000000000454      0x1bb build/stm32f3xx_hal_uart.o
 .debug_rnglists
                0x000000000000060f       0x19 build/startup_stm32f303xe.o

.debug_line     0x0000000000000000     0xb483
 .debug_line    0x0000000000000000      0x5b9 build/main.o
 .debug_line    0x00000000000005b9      0x42d build/stm32f3xx_hal_msp.o
 .debug_line    0x00000000000009e6      0x177 build/stm32f3xx_it.o
 .debug_line    0x0000000000000b5d      0x2d7 build/system_stm32f3xx.o
 .debug_line    0x0000000000000e34      0x5b0 build/stm32f3xx_hal.o
 .debug_line    0x00000000000013e4     0x15fa build/stm32f3xx_hal_can.o
 .debug_line    0x00000000000029de      0x7d4 build/stm32f3xx_hal_cortex.o
 .debug_line    0x00000000000031b2      0x65a build/stm32f3xx_hal_crc.o
 .debug_line    0x000000000000380c      0x342 build/stm32f3xx_hal_crc_ex.o
 .debug_line    0x0000000000003b4e      0x712 build/stm32f3xx_hal_gpio.o
 .debug_line    0x0000000000004260     0x125d build/stm32f3xx_hal_rcc.o
 .debug_line    0x00000000000054bd      0xe3a build/stm32f3xx_hal_rcc_ex.o
 .debug_line    0x00000000000062f7     0x5116 build/stm32f3xx_hal_uart.o
 .debug_line    0x000000000000b40d       0x76 build/startup_stm32f303xe.o

.debug_str      0x0000000000000000     0x3130
 .debug_str     0x0000000000000000      0xdf7 build/main.o
                                        0xfcf (size before relaxing)
 .debug_str     0x0000000000000df7       0xa7 build/stm32f3xx_hal_msp.o
                                        0xc16 (size before relaxing)
 .debug_str     0x0000000000000e9e       0xb4 build/stm32f3xx_it.o
                                        0x20f (size before relaxing)
 .debug_str     0x0000000000000f52       0xdc build/system_stm32f3xx.o
                                        0x2ba (size before relaxing)
 .debug_str     0x000000000000102e      0x7c3 build/stm32f3xx_hal.o
                                        0xa05 (size before relaxing)
 .debug_str     0x00000000000017f1      0x773 build/stm32f3xx_hal_can.o
                                        0xd97 (size before relaxing)
 .debug_str     0x0000000000001f64      0x44b build/stm32f3xx_hal_cortex.o
                                        0xbb5 (size before relaxing)
 .debug_str     0x00000000000023af       0xce build/stm32f3xx_hal_crc.o
                                        0x476 (size before relaxing)
 .debug_str     0x000000000000247d       0xa1 build/stm32f3xx_hal_crc_ex.o
                                        0x430 (size before relaxing)
 .debug_str     0x000000000000251e      0x177 build/stm32f3xx_hal_gpio.o
                                        0x48d (size before relaxing)
 .debug_str     0x0000000000002695      0x1e8 build/stm32f3xx_hal_rcc.o
                                        0x666 (size before relaxing)
 .debug_str     0x000000000000287d       0xbb build/stm32f3xx_hal_rcc_ex.o
                                        0x5a8 (size before relaxing)
 .debug_str     0x0000000000002938      0x7d6 build/stm32f3xx_hal_uart.o
                                        0xee5 (size before relaxing)
 .debug_str     0x000000000000310e       0x22 build/startup_stm32f303xe.o
                                         0x4e (size before relaxing)

.debug_frame    0x0000000000000000     0x1270
 .debug_frame   0x0000000000000000       0xc0 build/main.o
 .debug_frame   0x00000000000000c0       0xc0 build/stm32f3xx_hal_msp.o
 .debug_frame   0x0000000000000180       0xa8 build/stm32f3xx_it.o
 .debug_frame   0x0000000000000228       0x30 build/system_stm32f3xx.o
 .debug_frame   0x0000000000000258      0x1cc build/stm32f3xx_hal.o
 .debug_frame   0x0000000000000424      0x310 build/stm32f3xx_hal_can.o
 .debug_frame   0x0000000000000734      0x148 build/stm32f3xx_hal_cortex.o
 .debug_frame   0x000000000000087c       0xec build/stm32f3xx_hal_crc.o
 .debug_frame   0x0000000000000968       0x58 build/stm32f3xx_hal_crc_ex.o
 .debug_frame   0x00000000000009c0       0xd0 build/stm32f3xx_hal_gpio.o
 .debug_frame   0x0000000000000a90      0x170 build/stm32f3xx_hal_rcc.o
 .debug_frame   0x0000000000000c00       0x70 build/stm32f3xx_hal_rcc_ex.o
 .debug_frame   0x0000000000000c70      0x600 build/stm32f3xx_hal_uart.o

.debug_loclists
                0x0000000000000000     0x572d
 .debug_loclists
                0x0000000000000000       0xac build/stm32f3xx_hal_msp.o
 .debug_loclists
                0x00000000000000ac       0xb6 build/system_stm32f3xx.o
 .debug_loclists
                0x0000000000000162       0xc9 build/stm32f3xx_hal.o
 .debug_loclists
                0x000000000000022b      0x946 build/stm32f3xx_hal_can.o
 .debug_loclists
                0x0000000000000b71      0x4db build/stm32f3xx_hal_cortex.o
 .debug_loclists
                0x000000000000104c      0x36c build/stm32f3xx_hal_crc.o
 .debug_loclists
                0x00000000000013b8      0x135 build/stm32f3xx_hal_crc_ex.o
 .debug_loclists
                0x00000000000014ed      0x267 build/stm32f3xx_hal_gpio.o
 .debug_loclists
                0x0000000000001754      0x871 build/stm32f3xx_hal_rcc.o
 .debug_loclists
                0x0000000000001fc5      0xcb8 build/stm32f3xx_hal_rcc_ex.o
 .debug_loclists
                0x0000000000002c7d     0x2ab0 build/stm32f3xx_hal_uart.o

.debug_line_str
                0x0000000000000000       0x42
 .debug_line_str
                0x0000000000000000       0x42 build/startup_stm32f303xe.o
                                         0x58 (size before relaxing)

Cross Reference Table

Symbol                                            File
ADC1_2_IRQHandler                                 build/startup_stm32f303xe.o
ADC3_IRQHandler                                   build/startup_stm32f303xe.o
ADC4_IRQHandler                                   build/startup_stm32f303xe.o
AHBPrescTable                                     build/system_stm32f3xx.o
                                                  build/stm32f3xx_hal_rcc.o
APBPrescTable                                     build/system_stm32f3xx.o
                                                  build/stm32f3xx_hal_rcc.o
BusFault_Handler                                  build/stm32f3xx_it.o
CAN_RX1_IRQHandler                                build/startup_stm32f303xe.o
CAN_SCE_IRQHandler                                build/startup_stm32f303xe.o
COMP1_2_3_IRQHandler                              build/startup_stm32f303xe.o
COMP4_5_6_IRQHandler                              build/startup_stm32f303xe.o
COMP7_IRQHandler                                  build/startup_stm32f303xe.o
DMA1_Channel1_IRQHandler                          build/startup_stm32f303xe.o
DMA1_Channel2_IRQHandler                          build/startup_stm32f303xe.o
DMA1_Channel3_IRQHandler                          build/startup_stm32f303xe.o
DMA1_Channel4_IRQHandler                          build/startup_stm32f303xe.o
DMA1_Channel5_IRQHandler                          build/startup_stm32f303xe.o
DMA1_Channel6_IRQHandler                          build/startup_stm32f303xe.o
DMA1_Channel7_IRQHandler                          build/startup_stm32f303xe.o
DMA2_Channel1_IRQHandler                          build/startup_stm32f303xe.o
DMA2_Channel2_IRQHandler                          build/startup_stm32f303xe.o
DMA2_Channel3_IRQHandler                          build/startup_stm32f303xe.o
DMA2_Channel4_IRQHandler                          build/startup_stm32f303xe.o
DMA2_Channel5_IRQHandler                          build/startup_stm32f303xe.o
DebugMon_Handler                                  build/stm32f3xx_it.o
Default_Handler                                   build/startup_stm32f303xe.o
EXTI0_IRQHandler                                  build/startup_stm32f303xe.o
EXTI15_10_IRQHandler                              build/startup_stm32f303xe.o
EXTI1_IRQHandler                                  build/startup_stm32f303xe.o
EXTI2_TSC_IRQHandler                              build/startup_stm32f303xe.o
EXTI3_IRQHandler                                  build/startup_stm32f303xe.o
EXTI4_IRQHandler                                  build/startup_stm32f303xe.o
EXTI9_5_IRQHandler                                build/startup_stm32f303xe.o
Error_Handler                                     build/main.o
FLASH_IRQHandler                                  build/startup_stm32f303xe.o
FLASH_PageErase                                   build/stm32f3xx_hal_flash_ex.o
                                                  build/stm32f3xx_hal_flash.o
FLASH_WaitForLastOperation                        build/stm32f3xx_hal_flash.o
                                                  build/stm32f3xx_hal_flash_ex.o
FMC_IRQHandler                                    build/startup_stm32f303xe.o
FPU_IRQHandler                                    build/startup_stm32f303xe.o
HAL_CAN_AbortTxRequest                            build/stm32f3xx_hal_can.o
HAL_CAN_ActivateNotification                      build/stm32f3xx_hal_can.o
HAL_CAN_AddTxMessage                              build/stm32f3xx_hal_can.o
HAL_CAN_ConfigFilter                              build/stm32f3xx_hal_can.o
HAL_CAN_DeInit                                    build/stm32f3xx_hal_can.o
HAL_CAN_DeactivateNotification                    build/stm32f3xx_hal_can.o
HAL_CAN_ErrorCallback                             build/stm32f3xx_hal_can.o
HAL_CAN_GetError                                  build/stm32f3xx_hal_can.o
HAL_CAN_GetRxFifoFillLevel                        build/stm32f3xx_hal_can.o
HAL_CAN_GetRxMessage                              build/stm32f3xx_hal_can.o
HAL_CAN_GetState                                  build/stm32f3xx_hal_can.o
HAL_CAN_GetTxMailboxesFreeLevel                   build/stm32f3xx_hal_can.o
HAL_CAN_GetTxTimestamp                            build/stm32f3xx_hal_can.o
HAL_CAN_IRQHandler                                build/stm32f3xx_hal_can.o
HAL_CAN_Init                                      build/stm32f3xx_hal_can.o
                                                  build/main.o
HAL_CAN_IsSleepActive                             build/stm32f3xx_hal_can.o
HAL_CAN_IsTxMessagePending                        build/stm32f3xx_hal_can.o
HAL_CAN_MspDeInit                                 build/stm32f3xx_hal_msp.o
HAL_CAN_MspInit                                   build/stm32f3xx_hal_msp.o
HAL_CAN_RegisterCallback                          build/stm32f3xx_hal_can.o
HAL_CAN_RequestSleep                              build/stm32f3xx_hal_can.o
HAL_CAN_ResetError                                build/stm32f3xx_hal_can.o
HAL_CAN_RxFifo0FullCallback                       build/stm32f3xx_hal_can.o
HAL_CAN_RxFifo0MsgPendingCallback                 build/stm32f3xx_hal_can.o
HAL_CAN_RxFifo1FullCallback                       build/stm32f3xx_hal_can.o
HAL_CAN_RxFifo1MsgPendingCallback                 build/stm32f3xx_hal_can.o
HAL_CAN_SleepCallback                             build/stm32f3xx_hal_can.o
HAL_CAN_Start                                     build/stm32f3xx_hal_can.o
HAL_CAN_Stop                                      build/stm32f3xx_hal_can.o
HAL_CAN_TxMailbox0AbortCallback                   build/stm32f3xx_hal_can.o
HAL_CAN_TxMailbox0CompleteCallback                build/stm32f3xx_hal_can.o
HAL_CAN_TxMailbox1AbortCallback                   build/stm32f3xx_hal_can.o
HAL_CAN_TxMailbox1CompleteCallback                build/stm32f3xx_hal_can.o
HAL_CAN_TxMailbox2AbortCallback                   build/stm32f3xx_hal_can.o
HAL_CAN_TxMailbox2CompleteCallback                build/stm32f3xx_hal_can.o
HAL_CAN_UnRegisterCallback                        build/stm32f3xx_hal_can.o
HAL_CAN_WakeUp                                    build/stm32f3xx_hal_can.o
HAL_CAN_WakeUpFromRxMsgCallback                   build/stm32f3xx_hal_can.o
HAL_CRCEx_Input_Data_Reverse                      build/stm32f3xx_hal_crc_ex.o
HAL_CRCEx_Output_Data_Reverse                     build/stm32f3xx_hal_crc_ex.o
HAL_CRCEx_Polynomial_Set                          build/stm32f3xx_hal_crc_ex.o
                                                  build/stm32f3xx_hal_crc.o
HAL_CRC_Accumulate                                build/stm32f3xx_hal_crc.o
HAL_CRC_Calculate                                 build/stm32f3xx_hal_crc.o
HAL_CRC_DeInit                                    build/stm32f3xx_hal_crc.o
HAL_CRC_GetState                                  build/stm32f3xx_hal_crc.o
HAL_CRC_Init                                      build/stm32f3xx_hal_crc.o
                                                  build/main.o
HAL_CRC_MspDeInit                                 build/stm32f3xx_hal_msp.o
HAL_CRC_MspInit                                   build/stm32f3xx_hal_msp.o
HAL_DBGMCU_DisableDBGSleepMode                    build/stm32f3xx_hal.o
HAL_DBGMCU_DisableDBGStandbyMode                  build/stm32f3xx_hal.o
HAL_DBGMCU_DisableDBGStopMode                     build/stm32f3xx_hal.o
HAL_DBGMCU_EnableDBGSleepMode                     build/stm32f3xx_hal.o
HAL_DBGMCU_EnableDBGStandbyMode                   build/stm32f3xx_hal.o
HAL_DBGMCU_EnableDBGStopMode                      build/stm32f3xx_hal.o
HAL_DMA_Abort                                     build/stm32f3xx_hal_dma.o
                                                  build/stm32f3xx_hal_uart.o
HAL_DMA_Abort_IT                                  build/stm32f3xx_hal_dma.o
                                                  build/stm32f3xx_hal_uart.o
                                                  build/stm32f3xx_hal_i2c.o
HAL_DMA_DeInit                                    build/stm32f3xx_hal_dma.o
HAL_DMA_GetError                                  build/stm32f3xx_hal_dma.o
                                                  build/stm32f3xx_hal_uart.o
HAL_DMA_GetState                                  build/stm32f3xx_hal_dma.o
                                                  build/stm32f3xx_hal_i2c.o
HAL_DMA_IRQHandler                                build/stm32f3xx_hal_dma.o
HAL_DMA_Init                                      build/stm32f3xx_hal_dma.o
HAL_DMA_PollForTransfer                           build/stm32f3xx_hal_dma.o
HAL_DMA_RegisterCallback                          build/stm32f3xx_hal_dma.o
HAL_DMA_Start                                     build/stm32f3xx_hal_dma.o
HAL_DMA_Start_IT                                  build/stm32f3xx_hal_dma.o
                                                  build/stm32f3xx_hal_uart.o
                                                  build/stm32f3xx_hal_i2c.o
HAL_DMA_UnRegisterCallback                        build/stm32f3xx_hal_dma.o
HAL_DeInit                                        build/stm32f3xx_hal.o
HAL_Delay                                         build/stm32f3xx_hal.o
HAL_EXTI_ClearConfigLine                          build/stm32f3xx_hal_exti.o
HAL_EXTI_ClearPending                             build/stm32f3xx_hal_exti.o
HAL_EXTI_GenerateSWI                              build/stm32f3xx_hal_exti.o
HAL_EXTI_GetConfigLine                            build/stm32f3xx_hal_exti.o
HAL_EXTI_GetHandle                                build/stm32f3xx_hal_exti.o
HAL_EXTI_GetPending                               build/stm32f3xx_hal_exti.o
HAL_EXTI_IRQHandler                               build/stm32f3xx_hal_exti.o
HAL_EXTI_RegisterCallback                         build/stm32f3xx_hal_exti.o
HAL_EXTI_SetConfigLine                            build/stm32f3xx_hal_exti.o
HAL_FLASHEx_Erase                                 build/stm32f3xx_hal_flash_ex.o
HAL_FLASHEx_Erase_IT                              build/stm32f3xx_hal_flash_ex.o
HAL_FLASHEx_OBErase                               build/stm32f3xx_hal_flash_ex.o
HAL_FLASHEx_OBGetConfig                           build/stm32f3xx_hal_flash_ex.o
HAL_FLASHEx_OBGetUserData                         build/stm32f3xx_hal_flash_ex.o
HAL_FLASHEx_OBProgram                             build/stm32f3xx_hal_flash_ex.o
HAL_FLASH_EndOfOperationCallback                  build/stm32f3xx_hal_flash.o
HAL_FLASH_GetError                                build/stm32f3xx_hal_flash.o
HAL_FLASH_IRQHandler                              build/stm32f3xx_hal_flash.o
HAL_FLASH_Lock                                    build/stm32f3xx_hal_flash.o
HAL_FLASH_OB_Launch                               build/stm32f3xx_hal_flash.o
HAL_FLASH_OB_Lock                                 build/stm32f3xx_hal_flash.o
HAL_FLASH_OB_Unlock                               build/stm32f3xx_hal_flash.o
HAL_FLASH_OperationErrorCallback                  build/stm32f3xx_hal_flash.o
HAL_FLASH_Program                                 build/stm32f3xx_hal_flash.o
HAL_FLASH_Program_IT                              build/stm32f3xx_hal_flash.o
HAL_FLASH_Unlock                                  build/stm32f3xx_hal_flash.o
HAL_GPIO_DeInit                                   build/stm32f3xx_hal_gpio.o
                                                  build/stm32f3xx_hal_msp.o
HAL_GPIO_EXTI_Callback                            build/stm32f3xx_hal_gpio.o
HAL_GPIO_EXTI_IRQHandler                          build/stm32f3xx_hal_gpio.o
HAL_GPIO_Init                                     build/stm32f3xx_hal_gpio.o
                                                  build/stm32f3xx_hal_rcc.o
                                                  build/stm32f3xx_hal_msp.o
                                                  build/main.o
HAL_GPIO_LockPin                                  build/stm32f3xx_hal_gpio.o
HAL_GPIO_ReadPin                                  build/stm32f3xx_hal_gpio.o
HAL_GPIO_TogglePin                                build/stm32f3xx_hal_gpio.o
HAL_GPIO_WritePin                                 build/stm32f3xx_hal_gpio.o
                                                  build/main.o
HAL_GetDEVID                                      build/stm32f3xx_hal.o
HAL_GetHalVersion                                 build/stm32f3xx_hal.o
HAL_GetREVID                                      build/stm32f3xx_hal.o
HAL_GetTick                                       build/stm32f3xx_hal.o
                                                  build/stm32f3xx_hal_uart_ex.o
                                                  build/stm32f3xx_hal_uart.o
                                                  build/stm32f3xx_hal_rcc_ex.o
                                                  build/stm32f3xx_hal_rcc.o
                                                  build/stm32f3xx_hal_i2c.o
                                                  build/stm32f3xx_hal_flash.o
                                                  build/stm32f3xx_hal_dma.o
                                                  build/stm32f3xx_hal_can.o
HAL_GetTickFreq                                   build/stm32f3xx_hal.o
HAL_GetTickPrio                                   build/stm32f3xx_hal.o
HAL_GetUIDw0                                      build/stm32f3xx_hal.o
HAL_GetUIDw1                                      build/stm32f3xx_hal.o
HAL_GetUIDw2                                      build/stm32f3xx_hal.o
HAL_HalfDuplex_EnableReceiver                     build/stm32f3xx_hal_uart.o
HAL_HalfDuplex_EnableTransmitter                  build/stm32f3xx_hal_uart.o
HAL_HalfDuplex_Init                               build/stm32f3xx_hal_uart.o
HAL_I2CEx_ConfigAnalogFilter                      build/stm32f3xx_hal_i2c_ex.o
HAL_I2CEx_ConfigDigitalFilter                     build/stm32f3xx_hal_i2c_ex.o
HAL_I2CEx_DisableFastModePlus                     build/stm32f3xx_hal_i2c_ex.o
HAL_I2CEx_DisableWakeUp                           build/stm32f3xx_hal_i2c_ex.o
HAL_I2CEx_EnableFastModePlus                      build/stm32f3xx_hal_i2c_ex.o
HAL_I2CEx_EnableWakeUp                            build/stm32f3xx_hal_i2c_ex.o
HAL_I2C_AbortCpltCallback                         build/stm32f3xx_hal_i2c.o
HAL_I2C_AddrCallback                              build/stm32f3xx_hal_i2c.o
HAL_I2C_DeInit                                    build/stm32f3xx_hal_i2c.o
HAL_I2C_DisableListen_IT                          build/stm32f3xx_hal_i2c.o
HAL_I2C_ER_IRQHandler                             build/stm32f3xx_hal_i2c.o
HAL_I2C_EV_IRQHandler                             build/stm32f3xx_hal_i2c.o
HAL_I2C_EnableListen_IT                           build/stm32f3xx_hal_i2c.o
HAL_I2C_ErrorCallback                             build/stm32f3xx_hal_i2c.o
HAL_I2C_GetError                                  build/stm32f3xx_hal_i2c.o
HAL_I2C_GetMode                                   build/stm32f3xx_hal_i2c.o
HAL_I2C_GetState                                  build/stm32f3xx_hal_i2c.o
HAL_I2C_Init                                      build/stm32f3xx_hal_i2c.o
HAL_I2C_IsDeviceReady                             build/stm32f3xx_hal_i2c.o
HAL_I2C_ListenCpltCallback                        build/stm32f3xx_hal_i2c.o
HAL_I2C_MasterRxCpltCallback                      build/stm32f3xx_hal_i2c.o
HAL_I2C_MasterTxCpltCallback                      build/stm32f3xx_hal_i2c.o
HAL_I2C_Master_Abort_IT                           build/stm32f3xx_hal_i2c.o
HAL_I2C_Master_Receive                            build/stm32f3xx_hal_i2c.o
HAL_I2C_Master_Receive_DMA                        build/stm32f3xx_hal_i2c.o
HAL_I2C_Master_Receive_IT                         build/stm32f3xx_hal_i2c.o
HAL_I2C_Master_Seq_Receive_DMA                    build/stm32f3xx_hal_i2c.o
HAL_I2C_Master_Seq_Receive_IT                     build/stm32f3xx_hal_i2c.o
HAL_I2C_Master_Seq_Transmit_DMA                   build/stm32f3xx_hal_i2c.o
HAL_I2C_Master_Seq_Transmit_IT                    build/stm32f3xx_hal_i2c.o
HAL_I2C_Master_Transmit                           build/stm32f3xx_hal_i2c.o
HAL_I2C_Master_Transmit_DMA                       build/stm32f3xx_hal_i2c.o
HAL_I2C_Master_Transmit_IT                        build/stm32f3xx_hal_i2c.o
HAL_I2C_MemRxCpltCallback                         build/stm32f3xx_hal_i2c.o
HAL_I2C_MemTxCpltCallback                         build/stm32f3xx_hal_i2c.o
HAL_I2C_Mem_Read                                  build/stm32f3xx_hal_i2c.o
HAL_I2C_Mem_Read_DMA                              build/stm32f3xx_hal_i2c.o
HAL_I2C_Mem_Read_IT                               build/stm32f3xx_hal_i2c.o
HAL_I2C_Mem_Write                                 build/stm32f3xx_hal_i2c.o
HAL_I2C_Mem_Write_DMA                             build/stm32f3xx_hal_i2c.o
HAL_I2C_Mem_Write_IT                              build/stm32f3xx_hal_i2c.o
HAL_I2C_MspDeInit                                 build/stm32f3xx_hal_i2c.o
HAL_I2C_MspInit                                   build/stm32f3xx_hal_i2c.o
HAL_I2C_SlaveRxCpltCallback                       build/stm32f3xx_hal_i2c.o
HAL_I2C_SlaveTxCpltCallback                       build/stm32f3xx_hal_i2c.o
HAL_I2C_Slave_Receive                             build/stm32f3xx_hal_i2c.o
HAL_I2C_Slave_Receive_DMA                         build/stm32f3xx_hal_i2c.o
HAL_I2C_Slave_Receive_IT                          build/stm32f3xx_hal_i2c.o
HAL_I2C_Slave_Seq_Receive_DMA                     build/stm32f3xx_hal_i2c.o
HAL_I2C_Slave_Seq_Receive_IT                      build/stm32f3xx_hal_i2c.o
HAL_I2C_Slave_Seq_Transmit_DMA                    build/stm32f3xx_hal_i2c.o
HAL_I2C_Slave_Seq_Transmit_IT                     build/stm32f3xx_hal_i2c.o
HAL_I2C_Slave_Transmit                            build/stm32f3xx_hal_i2c.o
HAL_I2C_Slave_Transmit_DMA                        build/stm32f3xx_hal_i2c.o
HAL_I2C_Slave_Transmit_IT                         build/stm32f3xx_hal_i2c.o
HAL_IncTick                                       build/stm32f3xx_hal.o
                                                  build/stm32f3xx_it.o
HAL_Init                                          build/stm32f3xx_hal.o
                                                  build/main.o
HAL_InitTick                                      build/stm32f3xx_hal.o
                                                  build/stm32f3xx_hal_rcc.o
HAL_LIN_Init                                      build/stm32f3xx_hal_uart.o
HAL_LIN_SendBreak                                 build/stm32f3xx_hal_uart.o
HAL_MPU_ConfigRegion                              build/stm32f3xx_hal_cortex.o
HAL_MPU_Disable                                   build/stm32f3xx_hal_cortex.o
HAL_MPU_Enable                                    build/stm32f3xx_hal_cortex.o
HAL_MspDeInit                                     build/stm32f3xx_hal.o
HAL_MspInit                                       build/stm32f3xx_hal_msp.o
HAL_MultiProcessorEx_AddressLength_Set            build/stm32f3xx_hal_uart_ex.o
HAL_MultiProcessor_DisableMuteMode                build/stm32f3xx_hal_uart.o
HAL_MultiProcessor_EnableMuteMode                 build/stm32f3xx_hal_uart.o
HAL_MultiProcessor_EnterMuteMode                  build/stm32f3xx_hal_uart.o
HAL_MultiProcessor_Init                           build/stm32f3xx_hal_uart.o
HAL_NVIC_ClearPendingIRQ                          build/stm32f3xx_hal_cortex.o
HAL_NVIC_DisableIRQ                               build/stm32f3xx_hal_cortex.o
HAL_NVIC_EnableIRQ                                build/stm32f3xx_hal_cortex.o
HAL_NVIC_GetActive                                build/stm32f3xx_hal_cortex.o
HAL_NVIC_GetPendingIRQ                            build/stm32f3xx_hal_cortex.o
HAL_NVIC_GetPriority                              build/stm32f3xx_hal_cortex.o
HAL_NVIC_GetPriorityGrouping                      build/stm32f3xx_hal_cortex.o
HAL_NVIC_SetPendingIRQ                            build/stm32f3xx_hal_cortex.o
HAL_NVIC_SetPriority                              build/stm32f3xx_hal_cortex.o
                                                  build/stm32f3xx_hal.o
HAL_NVIC_SetPriorityGrouping                      build/stm32f3xx_hal_cortex.o
                                                  build/stm32f3xx_hal.o
HAL_NVIC_SystemReset                              build/stm32f3xx_hal_cortex.o
HAL_PWR_ConfigPVD                                 build/stm32f3xx_hal_pwr_ex.o
HAL_PWR_DeInit                                    build/stm32f3xx_hal_pwr.o
HAL_PWR_DisableBkUpAccess                         build/stm32f3xx_hal_pwr.o
HAL_PWR_DisablePVD                                build/stm32f3xx_hal_pwr_ex.o
HAL_PWR_DisableSEVOnPend                          build/stm32f3xx_hal_pwr.o
HAL_PWR_DisableSleepOnExit                        build/stm32f3xx_hal_pwr.o
HAL_PWR_DisableWakeUpPin                          build/stm32f3xx_hal_pwr.o
HAL_PWR_EnableBkUpAccess                          build/stm32f3xx_hal_pwr.o
HAL_PWR_EnablePVD                                 build/stm32f3xx_hal_pwr_ex.o
HAL_PWR_EnableSEVOnPend                           build/stm32f3xx_hal_pwr.o
HAL_PWR_EnableSleepOnExit                         build/stm32f3xx_hal_pwr.o
HAL_PWR_EnableWakeUpPin                           build/stm32f3xx_hal_pwr.o
HAL_PWR_EnterSLEEPMode                            build/stm32f3xx_hal_pwr.o
HAL_PWR_EnterSTANDBYMode                          build/stm32f3xx_hal_pwr.o
HAL_PWR_EnterSTOPMode                             build/stm32f3xx_hal_pwr.o
HAL_PWR_PVDCallback                               build/stm32f3xx_hal_pwr_ex.o
HAL_PWR_PVD_IRQHandler                            build/stm32f3xx_hal_pwr_ex.o
HAL_RCCEx_GetPeriphCLKConfig                      build/stm32f3xx_hal_rcc_ex.o
HAL_RCCEx_GetPeriphCLKFreq                        build/stm32f3xx_hal_rcc_ex.o
HAL_RCCEx_PeriphCLKConfig                         build/stm32f3xx_hal_rcc_ex.o
                                                  build/main.o
HAL_RCC_CSSCallback                               build/stm32f3xx_hal_rcc.o
HAL_RCC_ClockConfig                               build/stm32f3xx_hal_rcc.o
                                                  build/main.o
HAL_RCC_DeInit                                    build/stm32f3xx_hal_rcc.o
HAL_RCC_DisableCSS                                build/stm32f3xx_hal_rcc.o
HAL_RCC_EnableCSS                                 build/stm32f3xx_hal_rcc.o
HAL_RCC_GetClockConfig                            build/stm32f3xx_hal_rcc.o
HAL_RCC_GetHCLKFreq                               build/stm32f3xx_hal_rcc.o
HAL_RCC_GetOscConfig                              build/stm32f3xx_hal_rcc.o
HAL_RCC_GetPCLK1Freq                              build/stm32f3xx_hal_rcc.o
                                                  build/stm32f3xx_hal_uart.o
                                                  build/stm32f3xx_hal_rcc_ex.o
HAL_RCC_GetPCLK2Freq                              build/stm32f3xx_hal_rcc.o
                                                  build/stm32f3xx_hal_uart.o
                                                  build/stm32f3xx_hal_rcc_ex.o
HAL_RCC_GetSysClockFreq                           build/stm32f3xx_hal_rcc.o
                                                  build/stm32f3xx_hal_uart.o
                                                  build/stm32f3xx_hal_rcc_ex.o
HAL_RCC_MCOConfig                                 build/stm32f3xx_hal_rcc.o
HAL_RCC_NMI_IRQHandler                            build/stm32f3xx_hal_rcc.o
HAL_RCC_OscConfig                                 build/stm32f3xx_hal_rcc.o
                                                  build/main.o
HAL_RS485Ex_Init                                  build/stm32f3xx_hal_uart_ex.o
HAL_ResumeTick                                    build/stm32f3xx_hal.o
HAL_SYSTICK_CLKSourceConfig                       build/stm32f3xx_hal_cortex.o
HAL_SYSTICK_Callback                              build/stm32f3xx_hal_cortex.o
HAL_SYSTICK_Config                                build/stm32f3xx_hal_cortex.o
                                                  build/stm32f3xx_hal.o
HAL_SYSTICK_IRQHandler                            build/stm32f3xx_hal_cortex.o
HAL_SetTickFreq                                   build/stm32f3xx_hal.o
HAL_SuspendTick                                   build/stm32f3xx_hal.o
HAL_UARTEx_DisableStopMode                        build/stm32f3xx_hal_uart_ex.o
HAL_UARTEx_EnableStopMode                         build/stm32f3xx_hal_uart_ex.o
HAL_UARTEx_GetRxEventType                         build/stm32f3xx_hal_uart_ex.o
HAL_UARTEx_ReceiveToIdle                          build/stm32f3xx_hal_uart_ex.o
HAL_UARTEx_ReceiveToIdle_DMA                      build/stm32f3xx_hal_uart_ex.o
HAL_UARTEx_ReceiveToIdle_IT                       build/stm32f3xx_hal_uart_ex.o
HAL_UARTEx_RxEventCallback                        build/stm32f3xx_hal_uart.o
HAL_UARTEx_StopModeWakeUpSourceConfig             build/stm32f3xx_hal_uart_ex.o
HAL_UARTEx_WakeupCallback                         build/stm32f3xx_hal_uart_ex.o
                                                  build/stm32f3xx_hal_uart.o
HAL_UART_Abort                                    build/stm32f3xx_hal_uart.o
HAL_UART_AbortCpltCallback                        build/stm32f3xx_hal_uart.o
HAL_UART_AbortReceive                             build/stm32f3xx_hal_uart.o
HAL_UART_AbortReceiveCpltCallback                 build/stm32f3xx_hal_uart.o
HAL_UART_AbortReceive_IT                          build/stm32f3xx_hal_uart.o
HAL_UART_AbortTransmit                            build/stm32f3xx_hal_uart.o
HAL_UART_AbortTransmitCpltCallback                build/stm32f3xx_hal_uart.o
HAL_UART_AbortTransmit_IT                         build/stm32f3xx_hal_uart.o
HAL_UART_Abort_IT                                 build/stm32f3xx_hal_uart.o
HAL_UART_DMAPause                                 build/stm32f3xx_hal_uart.o
HAL_UART_DMAResume                                build/stm32f3xx_hal_uart.o
HAL_UART_DMAStop                                  build/stm32f3xx_hal_uart.o
HAL_UART_DeInit                                   build/stm32f3xx_hal_uart.o
HAL_UART_DisableReceiverTimeout                   build/stm32f3xx_hal_uart.o
HAL_UART_EnableReceiverTimeout                    build/stm32f3xx_hal_uart.o
HAL_UART_ErrorCallback                            build/stm32f3xx_hal_uart.o
HAL_UART_GetError                                 build/stm32f3xx_hal_uart.o
HAL_UART_GetState                                 build/stm32f3xx_hal_uart.o
HAL_UART_IRQHandler                               build/stm32f3xx_hal_uart.o
HAL_UART_Init                                     build/stm32f3xx_hal_uart.o
                                                  build/main.o
HAL_UART_MspDeInit                                build/stm32f3xx_hal_msp.o
HAL_UART_MspInit                                  build/stm32f3xx_hal_msp.o
                                                  build/stm32f3xx_hal_uart_ex.o
HAL_UART_Receive                                  build/stm32f3xx_hal_uart.o
HAL_UART_Receive_DMA                              build/stm32f3xx_hal_uart.o
HAL_UART_Receive_IT                               build/stm32f3xx_hal_uart.o
HAL_UART_ReceiverTimeout_Config                   build/stm32f3xx_hal_uart.o
HAL_UART_RxCpltCallback                           build/stm32f3xx_hal_uart.o
HAL_UART_RxHalfCpltCallback                       build/stm32f3xx_hal_uart.o
HAL_UART_Transmit                                 build/stm32f3xx_hal_uart.o
HAL_UART_Transmit_DMA                             build/stm32f3xx_hal_uart.o
HAL_UART_Transmit_IT                              build/stm32f3xx_hal_uart.o
HAL_UART_TxCpltCallback                           build/stm32f3xx_hal_uart.o
HAL_UART_TxHalfCpltCallback                       build/stm32f3xx_hal_uart.o
HardFault_Handler                                 build/stm32f3xx_it.o
I2C1_ER_IRQHandler                                build/startup_stm32f303xe.o
I2C1_EV_IRQHandler                                build/startup_stm32f303xe.o
I2C2_ER_IRQHandler                                build/startup_stm32f303xe.o
I2C2_EV_IRQHandler                                build/startup_stm32f303xe.o
I2C3_ER_IRQHandler                                build/startup_stm32f303xe.o
I2C3_EV_IRQHandler                                build/startup_stm32f303xe.o
MemManage_Handler                                 build/stm32f3xx_it.o
NMI_Handler                                       build/stm32f3xx_it.o
PVD_IRQHandler                                    build/startup_stm32f303xe.o
PendSV_Handler                                    build/stm32f3xx_it.o
RCC_IRQHandler                                    build/startup_stm32f303xe.o
RTC_Alarm_IRQHandler                              build/startup_stm32f303xe.o
RTC_WKUP_IRQHandler                               build/startup_stm32f303xe.o
Reset_Handler                                     build/startup_stm32f303xe.o
SPI1_IRQHandler                                   build/startup_stm32f303xe.o
SPI2_IRQHandler                                   build/startup_stm32f303xe.o
SPI3_IRQHandler                                   build/startup_stm32f303xe.o
SPI4_IRQHandler                                   build/startup_stm32f303xe.o
SVC_Handler                                       build/stm32f3xx_it.o
SysTick_Handler                                   build/stm32f3xx_it.o
SystemClock_Config                                build/main.o
SystemCoreClock                                   build/system_stm32f3xx.o
                                                  build/stm32f3xx_hal_rcc_ex.o
                                                  build/stm32f3xx_hal_rcc.o
                                                  build/stm32f3xx_hal.o
SystemCoreClockUpdate                             build/system_stm32f3xx.o
SystemInit                                        build/system_stm32f3xx.o
                                                  build/startup_stm32f303xe.o
TAMP_STAMP_IRQHandler                             build/startup_stm32f303xe.o
TIM1_BRK_TIM15_IRQHandler                         build/startup_stm32f303xe.o
TIM1_CC_IRQHandler                                build/startup_stm32f303xe.o
TIM1_TRG_COM_TIM17_IRQHandler                     build/startup_stm32f303xe.o
TIM1_UP_TIM16_IRQHandler                          build/startup_stm32f303xe.o
TIM20_BRK_IRQHandler                              build/startup_stm32f303xe.o
TIM20_CC_IRQHandler                               build/startup_stm32f303xe.o
TIM20_TRG_COM_IRQHandler                          build/startup_stm32f303xe.o
TIM20_UP_IRQHandler                               build/startup_stm32f303xe.o
TIM2_IRQHandler                                   build/startup_stm32f303xe.o
TIM3_IRQHandler                                   build/startup_stm32f303xe.o
TIM4_IRQHandler                                   build/startup_stm32f303xe.o
TIM6_DAC_IRQHandler                               build/startup_stm32f303xe.o
TIM7_IRQHandler                                   build/startup_stm32f303xe.o
TIM8_BRK_IRQHandler                               build/startup_stm32f303xe.o
TIM8_CC_IRQHandler                                build/startup_stm32f303xe.o
TIM8_TRG_COM_IRQHandler                           build/startup_stm32f303xe.o
TIM8_UP_IRQHandler                                build/startup_stm32f303xe.o
UART4_IRQHandler                                  build/startup_stm32f303xe.o
UART5_IRQHandler                                  build/startup_stm32f303xe.o
UART_AdvFeatureConfig                             build/stm32f3xx_hal_uart.o
                                                  build/stm32f3xx_hal_uart_ex.o
UART_CheckIdleState                               build/stm32f3xx_hal_uart.o
                                                  build/stm32f3xx_hal_uart_ex.o
UART_SetConfig                                    build/stm32f3xx_hal_uart.o
                                                  build/stm32f3xx_hal_uart_ex.o
UART_Start_Receive_DMA                            build/stm32f3xx_hal_uart.o
                                                  build/stm32f3xx_hal_uart_ex.o
UART_Start_Receive_IT                             build/stm32f3xx_hal_uart.o
                                                  build/stm32f3xx_hal_uart_ex.o
UART_WaitOnFlagUntilTimeout                       build/stm32f3xx_hal_uart.o
                                                  build/stm32f3xx_hal_uart_ex.o
USART1_IRQHandler                                 build/startup_stm32f303xe.o
USART2_IRQHandler                                 build/startup_stm32f303xe.o
USART3_IRQHandler                                 build/startup_stm32f303xe.o
USBWakeUp_IRQHandler                              build/startup_stm32f303xe.o
USBWakeUp_RMP_IRQHandler                          build/startup_stm32f303xe.o
USB_HP_CAN_TX_IRQHandler                          build/startup_stm32f303xe.o
USB_HP_IRQHandler                                 build/startup_stm32f303xe.o
USB_LP_CAN_RX0_IRQHandler                         build/startup_stm32f303xe.o
USB_LP_IRQHandler                                 build/startup_stm32f303xe.o
UsageFault_Handler                                build/stm32f3xx_it.o
WWDG_IRQHandler                                   build/startup_stm32f303xe.o
__atexit                                          /home/jack/.config/Code - OSS/User/globalStorage/bmd.stm32-for-vscode/@xpack-dev-tools/arm-none-eabi-gcc/11.3.1-1.1.2/.content/bin/../lib/gcc/arm-none-eabi/11.3.1/../../../../arm-none-eabi/lib/thumb/v7e-m+fp/hard/libc_nano.a(libc_a-__call_atexit.o)
                                                  /home/jack/.config/Code - OSS/User/globalStorage/bmd.stm32-for-vscode/@xpack-dev-tools/arm-none-eabi-gcc/11.3.1-1.1.2/.content/bin/../lib/gcc/arm-none-eabi/11.3.1/../../../../arm-none-eabi/lib/thumb/v7e-m+fp/hard/libc_nano.a(libc_a-__atexit.o)
__atexit0                                         /home/jack/.config/Code - OSS/User/globalStorage/bmd.stm32-for-vscode/@xpack-dev-tools/arm-none-eabi-gcc/11.3.1-1.1.2/.content/bin/../lib/gcc/arm-none-eabi/11.3.1/../../../../arm-none-eabi/lib/thumb/v7e-m+fp/hard/libc_nano.a(libc_a-__atexit.o)
__atexit_dummy                                    /home/jack/.config/Code - OSS/User/globalStorage/bmd.stm32-for-vscode/@xpack-dev-tools/arm-none-eabi-gcc/11.3.1-1.1.2/.content/bin/../lib/gcc/arm-none-eabi/11.3.1/../../../../arm-none-eabi/lib/thumb/v7e-m+fp/hard/libc_nano.a(libc_a-__atexit.o)
__atexit_recursive_mutex                          /home/jack/.config/Code - OSS/User/globalStorage/bmd.stm32-for-vscode/@xpack-dev-tools/arm-none-eabi-gcc/11.3.1-1.1.2/.content/bin/../lib/gcc/arm-none-eabi/11.3.1/../../../../arm-none-eabi/lib/thumb/v7e-m+fp/hard/libc_nano.a(libc_a-__call_atexit.o)
                                                  /home/jack/.config/Code - OSS/User/globalStorage/bmd.stm32-for-vscode/@xpack-dev-tools/arm-none-eabi-gcc/11.3.1-1.1.2/.content/bin/../lib/gcc/arm-none-eabi/11.3.1/../../../../arm-none-eabi/lib/thumb/v7e-m+fp/hard/libc_nano.a(libc_a-__atexit.o)
__bss_end__                                       /home/jack/.config/Code - OSS/User/globalStorage/bmd.stm32-for-vscode/@xpack-dev-tools/arm-none-eabi-gcc/11.3.1-1.1.2/.content/bin/../lib/gcc/arm-none-eabi/11.3.1/../../../../arm-none-eabi/lib/thumb/v7e-m+fp/hard/crt0.o
__bss_start__                                     /home/jack/.config/Code - OSS/User/globalStorage/bmd.stm32-for-vscode/@xpack-dev-tools/arm-none-eabi-gcc/11.3.1-1.1.2/.content/bin/../lib/gcc/arm-none-eabi/11.3.1/../../../../arm-none-eabi/lib/thumb/v7e-m+fp/hard/crt0.o
__call_exitprocs                                  /home/jack/.config/Code - OSS/User/globalStorage/bmd.stm32-for-vscode/@xpack-dev-tools/arm-none-eabi-gcc/11.3.1-1.1.2/.content/bin/../lib/gcc/arm-none-eabi/11.3.1/../../../../arm-none-eabi/lib/thumb/v7e-m+fp/hard/libc_nano.a(libc_a-__call_atexit.o)
                                                  /home/jack/.config/Code - OSS/User/globalStorage/bmd.stm32-for-vscode/@xpack-dev-tools/arm-none-eabi-gcc/11.3.1-1.1.2/.content/bin/../lib/gcc/arm-none-eabi/11.3.1/../../../../arm-none-eabi/lib/thumb/v7e-m+fp/hard/libc_nano.a(libc_a-__atexit.o)
                                                  /home/jack/.config/Code - OSS/User/globalStorage/bmd.stm32-for-vscode/@xpack-dev-tools/arm-none-eabi-gcc/11.3.1-1.1.2/.content/bin/../lib/gcc/arm-none-eabi/11.3.1/../../../../arm-none-eabi/lib/thumb/v7e-m+fp/hard/libc_nano.a(libc_a-exit.o)
__deregister_frame_info                           /home/jack/.config/Code - OSS/User/globalStorage/bmd.stm32-for-vscode/@xpack-dev-tools/arm-none-eabi-gcc/11.3.1-1.1.2/.content/bin/../lib/gcc/arm-none-eabi/11.3.1/thumb/v7e-m+fp/hard/crtbegin.o
__dso_handle                                      /home/jack/.config/Code - OSS/User/globalStorage/bmd.stm32-for-vscode/@xpack-dev-tools/arm-none-eabi-gcc/11.3.1-1.1.2/.content/bin/../lib/gcc/arm-none-eabi/11.3.1/thumb/v7e-m+fp/hard/crtbegin.o
__fini_array_end                                  /home/jack/.config/Code - OSS/User/globalStorage/bmd.stm32-for-vscode/@xpack-dev-tools/arm-none-eabi-gcc/11.3.1-1.1.2/.content/bin/../lib/gcc/arm-none-eabi/11.3.1/../../../../arm-none-eabi/lib/thumb/v7e-m+fp/hard/libc_nano.a(libc_a-fini.o)
__fini_array_start                                /home/jack/.config/Code - OSS/User/globalStorage/bmd.stm32-for-vscode/@xpack-dev-tools/arm-none-eabi-gcc/11.3.1-1.1.2/.content/bin/../lib/gcc/arm-none-eabi/11.3.1/../../../../arm-none-eabi/lib/thumb/v7e-m+fp/hard/libc_nano.a(libc_a-fini.o)
__fp_lock_all                                     /home/jack/.config/Code - OSS/User/globalStorage/bmd.stm32-for-vscode/@xpack-dev-tools/arm-none-eabi-gcc/11.3.1-1.1.2/.content/bin/../lib/gcc/arm-none-eabi/11.3.1/../../../../arm-none-eabi/lib/thumb/v7e-m+fp/hard/libc_nano.a(libc_a-findfp.o)
__fp_unlock_all                                   /home/jack/.config/Code - OSS/User/globalStorage/bmd.stm32-for-vscode/@xpack-dev-tools/arm-none-eabi-gcc/11.3.1-1.1.2/.content/bin/../lib/gcc/arm-none-eabi/11.3.1/../../../../arm-none-eabi/lib/thumb/v7e-m+fp/hard/libc_nano.a(libc_a-findfp.o)
__init_array_end                                  /home/jack/.config/Code - OSS/User/globalStorage/bmd.stm32-for-vscode/@xpack-dev-tools/arm-none-eabi-gcc/11.3.1-1.1.2/.content/bin/../lib/gcc/arm-none-eabi/11.3.1/../../../../arm-none-eabi/lib/thumb/v7e-m+fp/hard/libc_nano.a(libc_a-init.o)
__init_array_start                                /home/jack/.config/Code - OSS/User/globalStorage/bmd.stm32-for-vscode/@xpack-dev-tools/arm-none-eabi-gcc/11.3.1-1.1.2/.content/bin/../lib/gcc/arm-none-eabi/11.3.1/../../../../arm-none-eabi/lib/thumb/v7e-m+fp/hard/libc_nano.a(libc_a-init.o)
__libc_fini_array                                 /home/jack/.config/Code - OSS/User/globalStorage/bmd.stm32-for-vscode/@xpack-dev-tools/arm-none-eabi-gcc/11.3.1-1.1.2/.content/bin/../lib/gcc/arm-none-eabi/11.3.1/../../../../arm-none-eabi/lib/thumb/v7e-m+fp/hard/libc_nano.a(libc_a-fini.o)
                                                  /home/jack/.config/Code - OSS/User/globalStorage/bmd.stm32-for-vscode/@xpack-dev-tools/arm-none-eabi-gcc/11.3.1-1.1.2/.content/bin/../lib/gcc/arm-none-eabi/11.3.1/../../../../arm-none-eabi/lib/thumb/v7e-m+fp/hard/crt0.o
__libc_init_array                                 /home/jack/.config/Code - OSS/User/globalStorage/bmd.stm32-for-vscode/@xpack-dev-tools/arm-none-eabi-gcc/11.3.1-1.1.2/.content/bin/../lib/gcc/arm-none-eabi/11.3.1/../../../../arm-none-eabi/lib/thumb/v7e-m+fp/hard/libc_nano.a(libc_a-init.o)
                                                  build/startup_stm32f303xe.o
                                                  /home/jack/.config/Code - OSS/User/globalStorage/bmd.stm32-for-vscode/@xpack-dev-tools/arm-none-eabi-gcc/11.3.1-1.1.2/.content/bin/../lib/gcc/arm-none-eabi/11.3.1/../../../../arm-none-eabi/lib/thumb/v7e-m+fp/hard/crt0.o
__lock___arc4random_mutex                         /home/jack/.config/Code - OSS/User/globalStorage/bmd.stm32-for-vscode/@xpack-dev-tools/arm-none-eabi-gcc/11.3.1-1.1.2/.content/bin/../lib/gcc/arm-none-eabi/11.3.1/../../../../arm-none-eabi/lib/thumb/v7e-m+fp/hard/libc_nano.a(libc_a-lock.o)
__lock___at_quick_exit_mutex                      /home/jack/.config/Code - OSS/User/globalStorage/bmd.stm32-for-vscode/@xpack-dev-tools/arm-none-eabi-gcc/11.3.1-1.1.2/.content/bin/../lib/gcc/arm-none-eabi/11.3.1/../../../../arm-none-eabi/lib/thumb/v7e-m+fp/hard/libc_nano.a(libc_a-lock.o)
__lock___atexit_recursive_mutex                   /home/jack/.config/Code - OSS/User/globalStorage/bmd.stm32-for-vscode/@xpack-dev-tools/arm-none-eabi-gcc/11.3.1-1.1.2/.content/bin/../lib/gcc/arm-none-eabi/11.3.1/../../../../arm-none-eabi/lib/thumb/v7e-m+fp/hard/libc_nano.a(libc_a-lock.o)
                                                  /home/jack/.config/Code - OSS/User/globalStorage/bmd.stm32-for-vscode/@xpack-dev-tools/arm-none-eabi-gcc/11.3.1-1.1.2/.content/bin/../lib/gcc/arm-none-eabi/11.3.1/../../../../arm-none-eabi/lib/thumb/v7e-m+fp/hard/libc_nano.a(libc_a-__call_atexit.o)
__lock___dd_hash_mutex                            /home/jack/.config/Code - OSS/User/globalStorage/bmd.stm32-for-vscode/@xpack-dev-tools/arm-none-eabi-gcc/11.3.1-1.1.2/.content/bin/../lib/gcc/arm-none-eabi/11.3.1/../../../../arm-none-eabi/lib/thumb/v7e-m+fp/hard/libc_nano.a(libc_a-lock.o)
__lock___env_recursive_mutex                      /home/jack/.config/Code - OSS/User/globalStorage/bmd.stm32-for-vscode/@xpack-dev-tools/arm-none-eabi-gcc/11.3.1-1.1.2/.content/bin/../lib/gcc/arm-none-eabi/11.3.1/../../../../arm-none-eabi/lib/thumb/v7e-m+fp/hard/libc_nano.a(libc_a-lock.o)
__lock___malloc_recursive_mutex                   /home/jack/.config/Code - OSS/User/globalStorage/bmd.stm32-for-vscode/@xpack-dev-tools/arm-none-eabi-gcc/11.3.1-1.1.2/.content/bin/../lib/gcc/arm-none-eabi/11.3.1/../../../../arm-none-eabi/lib/thumb/v7e-m+fp/hard/libc_nano.a(libc_a-lock.o)
                                                  /home/jack/.config/Code - OSS/User/globalStorage/bmd.stm32-for-vscode/@xpack-dev-tools/arm-none-eabi-gcc/11.3.1-1.1.2/.content/bin/../lib/gcc/arm-none-eabi/11.3.1/../../../../arm-none-eabi/lib/thumb/v7e-m+fp/hard/libc_nano.a(libc_a-mlock.o)
__lock___sfp_recursive_mutex                      /home/jack/.config/Code - OSS/User/globalStorage/bmd.stm32-for-vscode/@xpack-dev-tools/arm-none-eabi-gcc/11.3.1-1.1.2/.content/bin/../lib/gcc/arm-none-eabi/11.3.1/../../../../arm-none-eabi/lib/thumb/v7e-m+fp/hard/libc_nano.a(libc_a-lock.o)
                                                  /home/jack/.config/Code - OSS/User/globalStorage/bmd.stm32-for-vscode/@xpack-dev-tools/arm-none-eabi-gcc/11.3.1-1.1.2/.content/bin/../lib/gcc/arm-none-eabi/11.3.1/../../../../arm-none-eabi/lib/thumb/v7e-m+fp/hard/libc_nano.a(libc_a-findfp.o)
__lock___tz_mutex                                 /home/jack/.config/Code - OSS/User/globalStorage/bmd.stm32-for-vscode/@xpack-dev-tools/arm-none-eabi-gcc/11.3.1-1.1.2/.content/bin/../lib/gcc/arm-none-eabi/11.3.1/../../../../arm-none-eabi/lib/thumb/v7e-m+fp/hard/libc_nano.a(libc_a-lock.o)
__malloc_free_list                                /home/jack/.config/Code - OSS/User/globalStorage/bmd.stm32-for-vscode/@xpack-dev-tools/arm-none-eabi-gcc/11.3.1-1.1.2/.content/bin/../lib/gcc/arm-none-eabi/11.3.1/../../../../arm-none-eabi/lib/thumb/v7e-m+fp/hard/libc_nano.a(libc_a-mallocr.o)
                                                  /home/jack/.config/Code - OSS/User/globalStorage/bmd.stm32-for-vscode/@xpack-dev-tools/arm-none-eabi-gcc/11.3.1-1.1.2/.content/bin/../lib/gcc/arm-none-eabi/11.3.1/../../../../arm-none-eabi/lib/thumb/v7e-m+fp/hard/libc_nano.a(libc_a-freer.o)
__malloc_lock                                     /home/jack/.config/Code - OSS/User/globalStorage/bmd.stm32-for-vscode/@xpack-dev-tools/arm-none-eabi-gcc/11.3.1-1.1.2/.content/bin/../lib/gcc/arm-none-eabi/11.3.1/../../../../arm-none-eabi/lib/thumb/v7e-m+fp/hard/libc_nano.a(libc_a-mlock.o)
                                                  /home/jack/.config/Code - OSS/User/globalStorage/bmd.stm32-for-vscode/@xpack-dev-tools/arm-none-eabi-gcc/11.3.1-1.1.2/.content/bin/../lib/gcc/arm-none-eabi/11.3.1/../../../../arm-none-eabi/lib/thumb/v7e-m+fp/hard/libc_nano.a(libc_a-mallocr.o)
                                                  /home/jack/.config/Code - OSS/User/globalStorage/bmd.stm32-for-vscode/@xpack-dev-tools/arm-none-eabi-gcc/11.3.1-1.1.2/.content/bin/../lib/gcc/arm-none-eabi/11.3.1/../../../../arm-none-eabi/lib/thumb/v7e-m+fp/hard/libc_nano.a(libc_a-freer.o)
__malloc_sbrk_start                               /home/jack/.config/Code - OSS/User/globalStorage/bmd.stm32-for-vscode/@xpack-dev-tools/arm-none-eabi-gcc/11.3.1-1.1.2/.content/bin/../lib/gcc/arm-none-eabi/11.3.1/../../../../arm-none-eabi/lib/thumb/v7e-m+fp/hard/libc_nano.a(libc_a-mallocr.o)
__malloc_unlock                                   /home/jack/.config/Code - OSS/User/globalStorage/bmd.stm32-for-vscode/@xpack-dev-tools/arm-none-eabi-gcc/11.3.1-1.1.2/.content/bin/../lib/gcc/arm-none-eabi/11.3.1/../../../../arm-none-eabi/lib/thumb/v7e-m+fp/hard/libc_nano.a(libc_a-mlock.o)
                                                  /home/jack/.config/Code - OSS/User/globalStorage/bmd.stm32-for-vscode/@xpack-dev-tools/arm-none-eabi-gcc/11.3.1-1.1.2/.content/bin/../lib/gcc/arm-none-eabi/11.3.1/../../../../arm-none-eabi/lib/thumb/v7e-m+fp/hard/libc_nano.a(libc_a-mallocr.o)
                                                  /home/jack/.config/Code - OSS/User/globalStorage/bmd.stm32-for-vscode/@xpack-dev-tools/arm-none-eabi-gcc/11.3.1-1.1.2/.content/bin/../lib/gcc/arm-none-eabi/11.3.1/../../../../arm-none-eabi/lib/thumb/v7e-m+fp/hard/libc_nano.a(libc_a-freer.o)
__on_exit_args                                    /home/jack/.config/Code - OSS/User/globalStorage/bmd.stm32-for-vscode/@xpack-dev-tools/arm-none-eabi-gcc/11.3.1-1.1.2/.content/bin/../lib/gcc/arm-none-eabi/11.3.1/../../../../arm-none-eabi/lib/thumb/v7e-m+fp/hard/libc_nano.a(libc_a-__atexit.o)
__preinit_array_end                               /home/jack/.config/Code - OSS/User/globalStorage/bmd.stm32-for-vscode/@xpack-dev-tools/arm-none-eabi-gcc/11.3.1-1.1.2/.content/bin/../lib/gcc/arm-none-eabi/11.3.1/../../../../arm-none-eabi/lib/thumb/v7e-m+fp/hard/libc_nano.a(libc_a-init.o)
__preinit_array_start                             /home/jack/.config/Code - OSS/User/globalStorage/bmd.stm32-for-vscode/@xpack-dev-tools/arm-none-eabi-gcc/11.3.1-1.1.2/.content/bin/../lib/gcc/arm-none-eabi/11.3.1/../../../../arm-none-eabi/lib/thumb/v7e-m+fp/hard/libc_nano.a(libc_a-init.o)
__register_exitproc                               /home/jack/.config/Code - OSS/User/globalStorage/bmd.stm32-for-vscode/@xpack-dev-tools/arm-none-eabi-gcc/11.3.1-1.1.2/.content/bin/../lib/gcc/arm-none-eabi/11.3.1/../../../../arm-none-eabi/lib/thumb/v7e-m+fp/hard/libc_nano.a(libc_a-__atexit.o)
                                                  /home/jack/.config/Code - OSS/User/globalStorage/bmd.stm32-for-vscode/@xpack-dev-tools/arm-none-eabi-gcc/11.3.1-1.1.2/.content/bin/../lib/gcc/arm-none-eabi/11.3.1/../../../../arm-none-eabi/lib/thumb/v7e-m+fp/hard/libc_nano.a(libc_a-atexit.o)
__register_frame_info                             /home/jack/.config/Code - OSS/User/globalStorage/bmd.stm32-for-vscode/@xpack-dev-tools/arm-none-eabi-gcc/11.3.1-1.1.2/.content/bin/../lib/gcc/arm-none-eabi/11.3.1/thumb/v7e-m+fp/hard/crtbegin.o
__retarget_lock_acquire                           /home/jack/.config/Code - OSS/User/globalStorage/bmd.stm32-for-vscode/@xpack-dev-tools/arm-none-eabi-gcc/11.3.1-1.1.2/.content/bin/../lib/gcc/arm-none-eabi/11.3.1/../../../../arm-none-eabi/lib/thumb/v7e-m+fp/hard/libc_nano.a(libc_a-lock.o)
__retarget_lock_acquire_recursive                 /home/jack/.config/Code - OSS/User/globalStorage/bmd.stm32-for-vscode/@xpack-dev-tools/arm-none-eabi-gcc/11.3.1-1.1.2/.content/bin/../lib/gcc/arm-none-eabi/11.3.1/../../../../arm-none-eabi/lib/thumb/v7e-m+fp/hard/libc_nano.a(libc_a-lock.o)
                                                  /home/jack/.config/Code - OSS/User/globalStorage/bmd.stm32-for-vscode/@xpack-dev-tools/arm-none-eabi-gcc/11.3.1-1.1.2/.content/bin/../lib/gcc/arm-none-eabi/11.3.1/../../../../arm-none-eabi/lib/thumb/v7e-m+fp/hard/libc_nano.a(libc_a-fflush.o)
                                                  /home/jack/.config/Code - OSS/User/globalStorage/bmd.stm32-for-vscode/@xpack-dev-tools/arm-none-eabi-gcc/11.3.1-1.1.2/.content/bin/../lib/gcc/arm-none-eabi/11.3.1/../../../../arm-none-eabi/lib/thumb/v7e-m+fp/hard/libc_nano.a(libc_a-mlock.o)
                                                  /home/jack/.config/Code - OSS/User/globalStorage/bmd.stm32-for-vscode/@xpack-dev-tools/arm-none-eabi-gcc/11.3.1-1.1.2/.content/bin/../lib/gcc/arm-none-eabi/11.3.1/../../../../arm-none-eabi/lib/thumb/v7e-m+fp/hard/libc_nano.a(libc_a-__call_atexit.o)
                                                  /home/jack/.config/Code - OSS/User/globalStorage/bmd.stm32-for-vscode/@xpack-dev-tools/arm-none-eabi-gcc/11.3.1-1.1.2/.content/bin/../lib/gcc/arm-none-eabi/11.3.1/../../../../arm-none-eabi/lib/thumb/v7e-m+fp/hard/libc_nano.a(libc_a-__atexit.o)
                                                  /home/jack/.config/Code - OSS/User/globalStorage/bmd.stm32-for-vscode/@xpack-dev-tools/arm-none-eabi-gcc/11.3.1-1.1.2/.content/bin/../lib/gcc/arm-none-eabi/11.3.1/../../../../arm-none-eabi/lib/thumb/v7e-m+fp/hard/libc_nano.a(libc_a-findfp.o)
__retarget_lock_close                             /home/jack/.config/Code - OSS/User/globalStorage/bmd.stm32-for-vscode/@xpack-dev-tools/arm-none-eabi-gcc/11.3.1-1.1.2/.content/bin/../lib/gcc/arm-none-eabi/11.3.1/../../../../arm-none-eabi/lib/thumb/v7e-m+fp/hard/libc_nano.a(libc_a-lock.o)
__retarget_lock_close_recursive                   /home/jack/.config/Code - OSS/User/globalStorage/bmd.stm32-for-vscode/@xpack-dev-tools/arm-none-eabi-gcc/11.3.1-1.1.2/.content/bin/../lib/gcc/arm-none-eabi/11.3.1/../../../../arm-none-eabi/lib/thumb/v7e-m+fp/hard/libc_nano.a(libc_a-lock.o)
__retarget_lock_init                              /home/jack/.config/Code - OSS/User/globalStorage/bmd.stm32-for-vscode/@xpack-dev-tools/arm-none-eabi-gcc/11.3.1-1.1.2/.content/bin/../lib/gcc/arm-none-eabi/11.3.1/../../../../arm-none-eabi/lib/thumb/v7e-m+fp/hard/libc_nano.a(libc_a-lock.o)